<html>
<body>
<pre>
<h1>礦ision Build Log</h1>
<h2>Tool Versions:</h2>
IDE-Version: μVision V5.43.1.0
Copyright (C) 2025 ARM Ltd and ARM Germany GmbH. All rights reserved.
License Information: tian kuo, BJTU, LIC=EXJT4-F2YVI-ARIXW-QCZR2-HJECZ-TW6W9
 
Tool Versions:
Toolchain:       MDK-ARM Plus  Version: 5.43.0.0
Toolchain Path:  D:\Apps\KEIL5\ARM\ARMCC\Bin
C Compiler:      Armcc.exe V5.06 update 5 (build 528)
Assembler:       Armasm.exe V5.06 update 5 (build 528)
Linker/Locator:  ArmLink.exe V5.06 update 5 (build 528)
Library Manager: ArmAr.exe V5.06 update 5 (build 528)
Hex Converter:   FromElf.exe V5.06 update 5 (build 528)
CPU DLL:         SARMCM3.DLL V5.43.0.0
Dialog DLL:      DARMSTM.DLL V1.69.1.0
Target DLL:      Segger\JL2CM3.dll V2.99.45.0
Dialog DLL:      TARMSTM.DLL V1.67.1.0
 
<h2>Project:</h2>
E:\ENG\QianRuShi_XXQ\XXQ_F103\主控相关文档\03.源代码程序\C26 V2.2\C26 V2.2\C26 V2.2\Project\RVMDK（uv5）\BH-STM32.uvprojx
Project File Date:  06/13/2026

<h2>Output:</h2>
*** Using Compiler 'V5.06 update 5 (build 528)', folder: 'D:\Apps\KEIL5\ARM\ARMCC\Bin'
Rebuild target 'beep'
assembling startup_stm32f10x_hd.s...
compiling stm32f10x_rcc.c...
compiling core_cm3.c...
compiling stm32f10x_dbgmcu.c...
compiling stm32f10x_can.c...
compiling stm32f10x_dma.c...
compiling stm32f10x_fsmc.c...
compiling stm32f10x_i2c.c...
compiling stm32f10x_flash.c...
compiling stm32f10x_gpio.c...
compiling stm32f10x_pwr.c...
compiling stm32f10x_rtc.c...
compiling system_stm32f10x.c...
compiling stm32f10x_bkp.c...
compiling stm32f10x_iwdg.c...
compiling stm32f10x_cec.c...
compiling stm32f10x_sdio.c...
compiling stm32f10x_exti.c...
compiling stm32f10x_crc.c...
compiling stm32f10x_dac.c...
compiling misc.c...
compiling stm32f10x_wwdg.c...
compiling stm32f10x_adc.c...
compiling stm32f10x_usart.c...
compiling stm32f10x_spi.c...
compiling main.c...
compiling app_uart.c...
compiling stm32f10x_tim.c...
compiling app_ps2.c...
..\..\User\app_ps2.c(94): warning:  #177-D: variable "psx_buf_bak"  was declared but never referenced
  	static int psx_buf_bak = 0;
..\..\User\app_ps2.c: 1 warning, 0 errors
compiling y_kinematics.c...
compiling app_motor.c...
compiling y_led.c...
compiling y_delay.c...
compiling app_sensor.c...
compiling y_global.c...
compiling y_motor.c...
compiling resource.c...
compiling y_timer.c...
compiling y_encoder.c...
compiling y_servo.c...
compiling y_usart.c...
compiling tracking.c...
compiling y_flash.c...
compiling y_ps2.c...
compiling y_oled.c...
compiling key.c...
compiling y_beep.c...
compiling y_ADC.c...
compiling y_soft_i2c.c...
compiling ultrasonic.c...
linking...
Program Size: Code=40788 RO-data=6172 RW-data=408 ZI-data=8200  
FromELF: creating hex file...
"..\..\Output\template.axf" - 0 Error(s), 1 Warning(s).

<h2>Software Packages used:</h2>

Package Vendor: Keil
                https://www.keil.com/pack/Keil.STM32F1xx_DFP.2.4.1.pack
                Keil::STM32F1xx_DFP@2.4.1
                STMicroelectronics STM32F1 Series Device Support, Drivers and Examples

<h2>Collection of Component include folders:</h2>
  D:/Apps/KEIL5/ARM/PACK/Keil/STM32F1xx_DFP/2.4.1/Device/Include

<h2>Collection of Component Files used:</h2>
Build Time Elapsed:  00:00:05
</pre>
</body>
</html>
