Component: ARM Compiler 5.06 update 5 (build 528) Tool: armlink [4d35e2]

==============================================================================

Section Cross References

    startup_stm32f10x_hd.o(RESET) refers to startup_stm32f10x_hd.o(STACK) for __initial_sp
    startup_stm32f10x_hd.o(RESET) refers to startup_stm32f10x_hd.o(.text) for Reset_Handler
    startup_stm32f10x_hd.o(RESET) refers to y_timer.o(.text) for SysTick_Handler
    startup_stm32f10x_hd.o(RESET) refers to y_usart.o(.text) for USART1_IRQHandler
    startup_stm32f10x_hd.o(RESET) refers to y_servo.o(.text) for TIM7_IRQHandler
    startup_stm32f10x_hd.o(.text) refers to system_stm32f10x.o(.text) for SystemInit
    startup_stm32f10x_hd.o(.text) refers to entry.o(.ARM.Collect$$$$00000000) for __main
    system_stm32f10x.o(.text) refers to system_stm32f10x.o(.data) for SystemCoreClock
    stm32f10x_adc.o(.text) refers to stm32f10x_rcc.o(.text) for RCC_APB2PeriphResetCmd
    stm32f10x_bkp.o(.text) refers to stm32f10x_rcc.o(.text) for RCC_BackupResetCmd
    stm32f10x_can.o(.text) refers to stm32f10x_rcc.o(.text) for RCC_APB1PeriphResetCmd
    stm32f10x_cec.o(.text) refers to stm32f10x_rcc.o(.text) for RCC_APB1PeriphResetCmd
    stm32f10x_dac.o(.text) refers to stm32f10x_rcc.o(.text) for RCC_APB1PeriphResetCmd
    stm32f10x_gpio.o(.text) refers to stm32f10x_rcc.o(.text) for RCC_APB2PeriphResetCmd
    stm32f10x_i2c.o(.text) refers to stm32f10x_rcc.o(.text) for RCC_APB1PeriphResetCmd
    stm32f10x_pwr.o(.text) refers to stm32f10x_rcc.o(.text) for RCC_APB1PeriphResetCmd
    stm32f10x_rcc.o(.text) refers to stm32f10x_rcc.o(.data) for APBAHBPrescTable
    stm32f10x_spi.o(.text) refers to stm32f10x_rcc.o(.text) for RCC_APB2PeriphResetCmd
    stm32f10x_tim.o(.text) refers to stm32f10x_rcc.o(.text) for RCC_APB2PeriphResetCmd
    stm32f10x_usart.o(.text) refers to stm32f10x_rcc.o(.text) for RCC_APB2PeriphResetCmd
    stm32f10x_wwdg.o(.text) refers to stm32f10x_rcc.o(.text) for RCC_APB1PeriphResetCmd
    main.o(.text) refers to stm32f10x_rcc.o(.text) for RCC_APB2PeriphClockCmd
    main.o(.text) refers to stm32f10x_gpio.o(.text) for GPIO_PinRemapConfig
    main.o(.text) refers to y_timer.o(.text) for millis
    main.o(.text) refers to y_flash.o(.text) for spi_flash_read
    main.o(.text) refers to y_servo.o(.text) for pwmServo_bias_set
    main.o(.text) refers to y_global.o(.text) for parse_cmd
    main.o(.text) refers to ffltui.o(.text) for __aeabi_ui2f
    main.o(.text) refers to fmul.o(.text) for __aeabi_fmul
    main.o(.text) refers to fdiv.o(.text) for __aeabi_fdiv
    main.o(.text) refers to cfrcmple.o(.text) for __aeabi_cfrcmple
    main.o(.text) refers to cfcmple.o(.text) for __aeabi_cfcmple
    main.o(.text) refers to y_beep.o(.text) for beep_on_times
    main.o(.text) refers to y_oled.o(.text) for OLED_CLS
    main.o(.text) refers to dmul.o(.text) for __aeabi_dmul
    main.o(.text) refers to dfixi.o(.text) for __aeabi_d2iz
    main.o(.text) refers to printfa.o(i.__0sprintf) for __2sprintf
    main.o(.text) refers to f2d.o(.text) for __aeabi_f2d
    main.o(.text) refers to y_led.o(.text) for led_init
    main.o(.text) refers to y_adc.o(.text) for ADC_init
    main.o(.text) refers to key.o(.text) for key_init
    main.o(.text) refers to y_soft_i2c.o(.text) for soft_i2c_gpio_init
    main.o(.text) refers to app_uart.o(.text) for app_uart_init
    main.o(.text) refers to app_motor.o(.text) for app_motor_init
    main.o(.text) refers to app_ps2.o(.text) for app_ps2_init
    main.o(.text) refers to app_sensor.o(.text) for app_sensor_init
    main.o(.text) refers to y_kinematics.o(.text) for setup_kinematics
    main.o(.text) refers to printfa.o(i.__0printf) for __2printf
    main.o(.text) refers to ultrasonic.o(.text) for ultrasonic_rgb_r
    main.o(.text) refers to y_delay.o(.text) for delay_ms
    main.o(.text) refers to main.o(.data) for time_count
    main.o(.text) refers to y_global.o(.bss) for eeprom_info
    main.o(.text) refers to y_adc.o(.data) for ADC_ConvertedValue
    main.o(.text) refers to y_motor.o(.bss) for Wheel_B
    main.o(.text) refers to y_kinematics.o(.bss) for kinematics
    main.o(.text) refers to y_global.o(.data) for oled_mode
    app_uart.o(.text) refers to y_usart.o(.text) for uart1_init
    app_uart.o(.text) refers to y_global.o(.text) for parse_cmd
    app_uart.o(.text) refers to y_usart.o(.data) for uart1_get_ok
    app_uart.o(.text) refers to y_usart.o(.bss) for uart1_receive_buf
    app_ps2.o(.text) refers to y_ps2.o(.text) for ps2_init
    app_ps2.o(.text) refers to memseta.o(.text) for __aeabi_memclr
    app_ps2.o(.text) refers to strlen.o(.text) for strlen
    app_ps2.o(.text) refers to memcpya.o(.text) for __aeabi_memcpy
    app_ps2.o(.text) refers to y_global.o(.text) for str_contain_str
    app_ps2.o(.text) refers to fflti.o(.text) for __aeabi_i2f
    app_ps2.o(.text) refers to fadd.o(.text) for __aeabi_frsub
    app_ps2.o(.text) refers to cfcmple.o(.text) for __aeabi_cfcmpeq
[...]
    motor_run_cnt                            0x2000016c   Data           1  y_timer.o(.data)
    .data                                    0x2000016e   Section       24  y_usart.o(.data)
    buf_index                                0x2000017e   Data           2  y_usart.o(.data)
    buf_index                                0x20000180   Data           2  y_usart.o(.data)
    buf_index                                0x20000182   Data           2  y_usart.o(.data)
    buf_index                                0x20000184   Data           2  y_usart.o(.data)
    .data                                    0x20000186   Section        5  y_flash.o(.data)
    tmp                                      0x2000018a   Data           1  y_flash.o(.data)
    .data                                    0x2000018b   Section        1  y_oled.o(.data)
    oled_detection_flag                      0x2000018b   Data           1  y_oled.o(.data)
    .data                                    0x2000018c   Section        2  y_adc.o(.data)
    .data                                    0x20000190   Section        4  stdout.o(.data)
    .data                                    0x20000194   Section        4  errno.o(.data)
    _errno                                   0x20000194   Data           4  errno.o(.data)
    .bss                                     0x20000198   Section      684  y_global.o(.bss)
    .bss                                     0x20000444   Section       88  y_kinematics.o(.bss)
    .bss                                     0x200004a0   Section       96  y_motor.o(.bss)
    .bss                                     0x20000500   Section      128  y_servo.o(.bss)
    .bss                                     0x20000580   Section     2048  y_usart.o(.bss)
    .bss                                     0x20000d80   Section        9  y_ps2.o(.bss)
    .bss                                     0x20000d8a   Section     4114  y_flash.o(.bss)
    STACK                                    0x20001da0   Section     1024  startup_stm32f10x_hd.o(STACK)

    Global Symbols

    Symbol Name                              Value     Ov Type        Size  Object(Section)

    BuildAttributes$$THM_ISAv4$P$D$K$B$S$PE$A:L22UL41UL21$X:L11$S22US41US21$IEEE1$IW$USESV6$~STKCKD$USESV7$~SHL$OTIME$ROPI$IEEEX$EBA8$MICROLIB$REQ8$PRES8$EABIv2 0x00000000   Number         0  anon$$obj.o ABSOLUTE
    __ARM_use_no_argv                        0x00000000   Number         0  main.o ABSOLUTE
    _printf_a                                0x00000000   Number         0  stubs.o ABSOLUTE
    _printf_c                                0x00000000   Number         0  stubs.o ABSOLUTE
    _printf_charcount                        0x00000000   Number         0  stubs.o ABSOLUTE
    _printf_d                                0x00000000   Number         0  stubs.o ABSOLUTE
    _printf_e                                0x00000000   Number         0  stubs.o ABSOLUTE
    _printf_f                                0x00000000   Number         0  stubs.o ABSOLUTE
    _printf_flags                            0x00000000   Number         0  stubs.o ABSOLUTE
    _printf_fp_dec                           0x00000000   Number         0  stubs.o ABSOLUTE
    _printf_fp_hex                           0x00000000   Number         0  stubs.o ABSOLUTE
    _printf_g                                0x00000000   Number         0  stubs.o ABSOLUTE
    _printf_i                                0x00000000   Number         0  stubs.o ABSOLUTE
    _printf_int_dec                          0x00000000   Number         0  stubs.o ABSOLUTE
    _printf_l                                0x00000000   Number         0  stubs.o ABSOLUTE
    _printf_lc                               0x00000000   Number         0  stubs.o ABSOLUTE
    _printf_ll                               0x00000000   Number         0  stubs.o ABSOLUTE
    _printf_lld                              0x00000000   Number         0  stubs.o ABSOLUTE
    _printf_lli                              0x00000000   Number         0  stubs.o ABSOLUTE
    _printf_llo                              0x00000000   Number         0  stubs.o ABSOLUTE
    _printf_llu                              0x00000000   Number         0  stubs.o ABSOLUTE
    _printf_llx                              0x00000000   Number         0  stubs.o ABSOLUTE
    _printf_longlong_dec                     0x00000000   Number         0  stubs.o ABSOLUTE
    _printf_longlong_hex                     0x00000000   Number         0  stubs.o ABSOLUTE
    _printf_longlong_oct                     0x00000000   Number         0  stubs.o ABSOLUTE
    _printf_ls                               0x00000000   Number         0  stubs.o ABSOLUTE
    _printf_mbtowc                           0x00000000   Number         0  stubs.o ABSOLUTE
    _printf_n                                0x00000000   Number         0  stubs.o ABSOLUTE
    _printf_o                                0x00000000   Number         0  stubs.o ABSOLUTE
    _printf_p                                0x00000000   Number         0  stubs.o ABSOLUTE
    _printf_percent                          0x00000000   Number         0  stubs.o ABSOLUTE
    _printf_pre_padding                      0x00000000   Number         0  stubs.o ABSOLUTE
    _printf_return_value                     0x00000000   Number         0  stubs.o ABSOLUTE
    _printf_s                                0x00000000   Number         0  stubs.o ABSOLUTE
    _printf_sizespec                         0x00000000   Number         0  stubs.o ABSOLUTE
    _printf_str                              0x00000000   Number         0  stubs.o ABSOLUTE
    _printf_truncate_signed                  0x00000000   Number         0  stubs.o ABSOLUTE
    _printf_truncate_unsigned                0x00000000   Number         0  stubs.o ABSOLUTE
    _printf_u                                0x00000000   Number         0  stubs.o ABSOLUTE
    _printf_wc                               0x00000000   Number         0  stubs.o ABSOLUTE
    _printf_wctomb                           0x00000000   Number         0  stubs.o ABSOLUTE
    _printf_widthprec                        0x00000000   Number         0  stubs.o ABSOLUTE
    _printf_x                                0x00000000   Number         0  stubs.o ABSOLUTE
    __cpp_initialize__aeabi_                  - Undefined Weak Reference
    __cxa_finalize                            - Undefined Weak Reference
    _clock_init                               - Undefined Weak Reference
    _microlib_exit                            - Undefined Weak Reference
    _scanf_longlong                           - Undefined Weak Reference
    _scanf_string                             - Undefined Weak Reference
    __Vectors_Size                           0x00000130   Number         0  startup_stm32f10x_hd.o ABSOLUTE
    __Vectors                                0x08000000   Data           4  startup_stm32f10x_hd.o(RESET)
    __Vectors_End                            0x08000130   Data           0  startup_stm32f10x_hd.o(RESET)
    __main                                   0x08000131   Thumb Code     0  entry.o(.ARM.Collect$$$$00000000)
    _main_stk                                0x08000131   Thumb Code     0  entry2.o(.ARM.Collect$$$$00000001)
    _main_scatterload                        0x08000135   Thumb Code     0  entry5.o(.ARM.Collect$$$$00000004)
    __main_after_scatterload                 0x08000139   Thumb Code     0  entry5.o(.ARM.Collect$$$$00000004)
    _main_clock                              0x08000139   Thumb Code     0  entry7b.o(.ARM.Collect$$$$00000008)
    _main_cpp_init                           0x08000139   Thumb Code     0  entry8b.o(.ARM.Collect$$$$0000000A)
    _main_init                               0x08000139   Thumb Code     0  entry9a.o(.ARM.Collect$$$$0000000B)
    __rt_final_cpp                           0x08000141   Thumb Code     0  entry10a.o(.ARM.Collect$$$$0000000D)
    __rt_final_exit                          0x08000141   Thumb Code     0  entry11a.o(.ARM.Collect$$$$0000000F)
    Reset_Handler                            0x08000145   Thumb Code     8  startup_stm32f10x_hd.o(.text)
    NMI_Handler                              0x0800014d   Thumb Code     2  startup_stm32f10x_hd.o(.text)
    HardFault_Handler                        0x0800014f   Thumb Code     2  startup_stm32f10x_hd.o(.text)
    MemManage_Handler                        0x08000151   Thumb Code     2  startup_stm32f10x_hd.o(.text)
    BusFault_Handler                         0x08000153   Thumb Code     2  startup_stm32f10x_hd.o(.text)
    UsageFault_Handler                       0x08000155   Thumb Code     2  startup_stm32f10x_hd.o(.text)
    SVC_Handler                              0x08000157   Thumb Code     2  startup_stm32f10x_hd.o(.text)
    DebugMon_Handler                         0x08000159   Thumb Code     2  startup_stm32f10x_hd.o(.text)
    PendSV_Handler                           0x0800015b   Thumb Code     2  startup_stm32f10x_hd.o(.text)
    ADC1_2_IRQHandler                        0x0800015f   Thumb Code     0  startup_stm32f10x_hd.o(.text)
    ADC3_IRQHandler                          0x0800015f   Thumb Code     0  startup_stm32f10x_hd.o(.text)
    CAN1_RX1_IRQHandler                      0x0800015f   Thumb Code     0  startup_stm32f10x_hd.o(.text)
    CAN1_SCE_IRQHandler                      0x0800015f   Thumb Code     0  startup_stm32f10x_hd.o(.text)
    DMA1_Channel1_IRQHandler                 0x0800015f   Thumb Code     0  startup_stm32f10x_hd.o(.text)
    DMA1_Channel2_IRQHandler                 0x0800015f   Thumb Code     0  startup_stm32f10x_hd.o(.text)
    DMA1_Channel3_IRQHandler                 0x0800015f   Thumb Code     0  startup_stm32f10x_hd.o(.text)
    DMA1_Channel4_IRQHandler                 0x0800015f   Thumb Code     0  startup_stm32f10x_hd.o(.text)
    DMA1_Channel5_IRQHandler                 0x0800015f   Thumb Code     0  startup_stm32f10x_hd.o(.text)
    DMA1_Channel6_IRQHandler                 0x0800015f   Thumb Code     0  startup_stm32f10x_hd.o(.text)
    DMA1_Channel7_IRQHandler                 0x0800015f   Thumb Code     0  startup_stm32f10x_hd.o(.text)
    DMA2_Channel1_IRQHandler                 0x0800015f   Thumb Code     0  startup_stm32f10x_hd.o(.text)
    DMA2_Channel2_IRQHandler                 0x0800015f   Thumb Code     0  startup_stm32f10x_hd.o(.text)
    DMA2_Channel3_IRQHandler                 0x0800015f   Thumb Code     0  startup_stm32f10x_hd.o(.text)
    DMA2_Channel4_5_IRQHandler               0x0800015f   Thumb Code     0  startup_stm32f10x_hd.o(.text)
    EXTI0_IRQHandler                         0x0800015f   Thumb Code     0  startup_stm32f10x_hd.o(.text)
    EXTI15_10_IRQHandler                     0x0800015f   Thumb Code     0  startup_stm32f10x_hd.o(.text)
    EXTI1_IRQHandler                         0x0800015f   Thumb Code     0  startup_stm32f10x_hd.o(.text)
    EXTI2_IRQHandler                         0x0800015f   Thumb Code     0  startup_stm32f10x_hd.o(.text)
    EXTI3_IRQHandler                         0x0800015f   Thumb Code     0  startup_stm32f10x_hd.o(.text)
    EXTI4_IRQHandler                         0x0800015f   Thumb Code     0  startup_stm32f10x_hd.o(.text)
    EXTI9_5_IRQHandler                       0x0800015f   Thumb Code     0  startup_stm32f10x_hd.o(.text)
    FLASH_IRQHandler                         0x0800015f   Thumb Code     0  startup_stm32f10x_hd.o(.text)
    FSMC_IRQHandler                          0x0800015f   Thumb Code     0  startup_stm32f10x_hd.o(.text)
    I2C1_ER_IRQHandler                       0x0800015f   Thumb Code     0  startup_stm32f10x_hd.o(.text)
    I2C1_EV_IRQHandler                       0x0800015f   Thumb Code     0  startup_stm32f10x_hd.o(.text)
    I2C2_ER_IRQHandler                       0x0800015f   Thumb Code     0  startup_stm32f10x_hd.o(.text)
    I2C2_EV_IRQHandler                       0x0800015f   Thumb Code     0  startup_stm32f10x_hd.o(.text)
    PVD_IRQHandler                           0x0800015f   Thumb Code     0  startup_stm32f10x_hd.o(.text)
    RCC_IRQHandler                           0x0800015f   Thumb Code     0  startup_stm32f10x_hd.o(.text)
    RTCAlarm_IRQHandler                      0x0800015f   Thumb Code     0  startup_stm32f10x_hd.o(.text)
    RTC_IRQHandler                           0x0800015f   Thumb Code     0  startup_stm32f10x_hd.o(.text)
    SDIO_IRQHandler                          0x0800015f   Thumb Code     0  startup_stm32f10x_hd.o(.text)
    SPI1_IRQHandler                          0x0800015f   Thumb Code     0  startup_stm32f10x_hd.o(.text)
    SPI2_IRQHandler                          0x0800015f   Thumb Code     0  startup_stm32f10x_hd.o(.text)
    SPI3_IRQHandler                          0x0800015f   Thumb Code     0  startup_stm32f10x_hd.o(.text)
    TAMPER_IRQHandler                        0x0800015f   Thumb Code     0  startup_stm32f10x_hd.o(.text)
    TIM1_BRK_IRQHandler                      0x0800015f   Thumb Code     0  startup_stm32f10x_hd.o(.text)
    TIM1_CC_IRQHandler                       0x0800015f   Thumb Code     0  startup_stm32f10x_hd.o(.text)
    TIM1_TRG_COM_IRQHandler                  0x0800015f   Thumb Code     0  startup_stm32f10x_hd.o(.text)
    TIM1_UP_IRQHandler                       0x0800015f   Thumb Code     0  startup_stm32f10x_hd.o(.text)
    TIM2_IRQHandler                          0x0800015f   Thumb Code     0  startup_stm32f10x_hd.o(.text)
    TIM3_IRQHandler                          0x0800015f   Thumb Code     0  startup_stm32f10x_hd.o(.text)
    TIM4_IRQHandler                          0x0800015f   Thumb Code     0  startup_stm32f10x_hd.o(.text)
    TIM5_IRQHandler                          0x0800015f   Thumb Code     0  startup_stm32f10x_hd.o(.text)
    TIM6_IRQHandler                          0x0800015f   Thumb Code     0  startup_stm32f10x_hd.o(.text)
    TIM8_BRK_IRQHandler                      0x0800015f   Thumb Code     0  startup_stm32f10x_hd.o(.text)
    TIM8_CC_IRQHandler                       0x0800015f   Thumb Code     0  startup_stm32f10x_hd.o(.text)
    TIM8_TRG_COM_IRQHandler                  0x0800015f   Thumb Code     0  startup_stm32f10x_hd.o(.text)
    TIM8_UP_IRQHandler                       0x0800015f   Thumb Code     0  startup_stm32f10x_hd.o(.text)
    UART4_IRQHandler                         0x0800015f   Thumb Code     0  startup_stm32f10x_hd.o(.text)
    USBWakeUp_IRQHandler                     0x0800015f   Thumb Code     0  startup_stm32f10x_hd.o(.text)
    USB_HP_CAN1_TX_IRQHandler                0x0800015f   Thumb Code     0  startup_stm32f10x_hd.o(.text)
    USB_LP_CAN1_RX0_IRQHandler               0x0800015f   Thumb Code     0  startup_stm32f10x_hd.o(.text)
    WWDG_IRQHandler                          0x0800015f   Thumb Code     0  startup_stm32f10x_hd.o(.text)
    SystemInit                               0x08000247   Thumb Code    78  system_stm32f10x.o(.text)
    SystemCoreClockUpdate                    0x08000295   Thumb Code   142  system_stm32f10x.o(.text)
    NVIC_PriorityGroupConfig                 0x08000349   Thumb Code    10  misc.o(.text)
    NVIC_Init                                0x08000353   Thumb Code   100  misc.o(.text)
    NVIC_SetVectorTable                      0x080003b7   Thumb Code    14  misc.o(.text)
    NVIC_SystemLPConfig                      0x080003c5   Thumb Code    34  misc.o(.text)
    SysTick_CLKSourceConfig                  0x080003e7   Thumb Code    40  misc.o(.text)
    ADC_DeInit                               0x08000425   Thumb Code    78  stm32f10x_adc.o(.text)
    ADC_Init                                 0x08000473   Thumb Code    70  stm32f10x_adc.o(.text)
    ADC_StructInit                           0x080004b9   Thumb Code    18  stm32f10x_adc.o(.text)
    ADC_Cmd                                  0x080004cb   Thumb Code    22  stm32f10x_adc.o(.text)
    ADC_DMACmd                               0x080004e1   Thumb Code    22  stm32f10x_adc.o(.text)
    ADC_ITConfig                             0x080004f7   Thumb Code    24  stm32f10x_adc.o(.text)
    ADC_ResetCalibration                     0x0800050f   Thumb Code    10  stm32f10x_adc.o(.text)
    ADC_GetResetCalibrationStatus            0x08000519   Thumb Code    20  stm32f10x_adc.o(.text)
    ADC_StartCalibration                     0x0800052d   Thumb Code    10  stm32f10x_adc.o(.text)
    ADC_GetCalibrationStatus                 0x08000537   Thumb Code    20  stm32f10x_adc.o(.text)
    ADC_SoftwareStartConvCmd                 0x0800054b   Thumb Code    22  stm32f10x_adc.o(.text)
    ADC_GetSoftwareStartConvStatus           0x08000561   Thumb Code    20  stm32f10x_adc.o(.text)
    ADC_DiscModeChannelCountConfig           0x08000575   Thumb Code    24  stm32f10x_adc.o(.text)
    ADC_DiscModeCmd                          0x0800058d   Thumb Code    22  stm32f10x_adc.o(.text)
    ADC_RegularChannelConfig                 0x080005a3   Thumb Code   184  stm32f10x_adc.o(.text)
    ADC_ExternalTrigConvCmd                  0x0800065b   Thumb Code    22  stm32f10x_adc.o(.text)
    ADC_GetConversionValue                   0x08000671   Thumb Code     8  stm32f10x_adc.o(.text)
    ADC_GetDualModeConversionValue           0x08000679   Thumb Code     8  stm32f10x_adc.o(.text)
    ADC_AutoInjectedConvCmd                  0x08000681   Thumb Code    22  stm32f10x_adc.o(.text)
    ADC_InjectedDiscModeCmd                  0x08000697   Thumb Code    22  stm32f10x_adc.o(.text)
    ADC_ExternalTrigInjectedConvConfig       0x080006ad   Thumb Code    16  stm32f10x_adc.o(.text)
    ADC_ExternalTrigInjectedConvCmd          0x080006bd   Thumb Code    22  stm32f10x_adc.o(.text)
    ADC_SoftwareStartInjectedConvCmd         0x080006d3   Thumb Code    22  stm32f10x_adc.o(.text)
    ADC_GetSoftwareStartInjectedConvCmdStatus 0x080006e9   Thumb Code    20  stm32f10x_adc.o(.text)
    ADC_InjectedChannelConfig                0x080006fd   Thumb Code   130  stm32f10x_adc.o(.text)
    ADC_InjectedSequencerLengthConfig        0x0800077f   Thumb Code    24  stm32f10x_adc.o(.text)
    ADC_SetInjectedOffset                    0x08000797   Thumb Code    20  stm32f10x_adc.o(.text)
    ADC_GetInjectedConversionValue           0x080007ab   Thumb Code    28  stm32f10x_adc.o(.text)
    ADC_AnalogWatchdogCmd                    0x080007c7   Thumb Code    16  stm32f10x_adc.o(.text)
    ADC_AnalogWatchdogThresholdsConfig       0x080007d7   Thumb Code     6  stm32f10x_adc.o(.text)
    ADC_AnalogWatchdogSingleChannelConfig    0x080007dd   Thumb Code    16  stm32f10x_adc.o(.text)
    ADC_TempSensorVrefintCmd                 0x080007ed   Thumb Code    64  stm32f10x_adc.o(.text)
    ADC_GetFlagStatus                        0x0800082d   Thumb Code    18  stm32f10x_adc.o(.text)
    ADC_ClearFlag                            0x0800083f   Thumb Code     6  stm32f10x_adc.o(.text)
    ADC_GetITStatus                          0x08000845   Thumb Code    36  stm32f10x_adc.o(.text)
    ADC_ClearITPendingBit                    0x08000869   Thumb Code    10  stm32f10x_adc.o(.text)
    DMA_DeInit                               0x08000875   Thumb Code   324  stm32f10x_dma.o(.text)
    DMA_Init                                 0x080009b9   Thumb Code    60  stm32f10x_dma.o(.text)
    DMA_StructInit                           0x080009f5   Thumb Code    26  stm32f10x_dma.o(.text)
    DMA_Cmd                                  0x08000a0f   Thumb Code    24  stm32f10x_dma.o(.text)
    DMA_ITConfig                             0x08000a27   Thumb Code    18  stm32f10x_dma.o(.text)
    DMA_SetCurrDataCounter                   0x08000a39   Thumb Code     4  stm32f10x_dma.o(.text)
    DMA_GetCurrDataCounter                   0x08000a3d   Thumb Code     8  stm32f10x_dma.o(.text)
    DMA_GetFlagStatus                        0x08000a45   Thumb Code    40  stm32f10x_dma.o(.text)
    DMA_ClearFlag                            0x08000a6d   Thumb Code    22  stm32f10x_dma.o(.text)
    DMA_GetITStatus                          0x08000a83   Thumb Code    40  stm32f10x_dma.o(.text)
    DMA_ClearITPendingBit                    0x08000aab   Thumb Code    22  stm32f10x_dma.o(.text)
    GPIO_DeInit                              0x08000ac9   Thumb Code   172  stm32f10x_gpio.o(.text)
    GPIO_AFIODeInit                          0x08000b75   Thumb Code    20  stm32f10x_gpio.o(.text)
    GPIO_Init                                0x08000b89   Thumb Code   278  stm32f10x_gpio.o(.text)
    GPIO_StructInit                          0x08000c9f   Thumb Code    16  stm32f10x_gpio.o(.text)
    GPIO_ReadInputDataBit                    0x08000caf   Thumb Code    18  stm32f10x_gpio.o(.text)
    GPIO_ReadInputData                       0x08000cc1   Thumb Code     8  stm32f10x_gpio.o(.text)
    GPIO_ReadOutputDataBit                   0x08000cc9   Thumb Code    18  stm32f10x_gpio.o(.text)
    GPIO_ReadOutputData                      0x08000cdb   Thumb Code     8  stm32f10x_gpio.o(.text)
    GPIO_SetBits                             0x08000ce3   Thumb Code     4  stm32f10x_gpio.o(.text)
    GPIO_ResetBits                           0x08000ce7   Thumb Code     4  stm32f10x_gpio.o(.text)
    GPIO_WriteBit                            0x08000ceb   Thumb Code    10  stm32f10x_gpio.o(.text)
    GPIO_Write                               0x08000cf5   Thumb Code     4  stm32f10x_gpio.o(.text)
    GPIO_PinLockConfig                       0x08000cf9   Thumb Code    18  stm32f10x_gpio.o(.text)
    GPIO_EventOutputConfig                   0x08000d0b   Thumb Code    26  stm32f10x_gpio.o(.text)
    GPIO_EventOutputCmd                      0x08000d25   Thumb Code     6  stm32f10x_gpio.o(.text)
    GPIO_PinRemapConfig                      0x08000d2b   Thumb Code   138  stm32f10x_gpio.o(.text)
    GPIO_EXTILineConfig                      0x08000db5   Thumb Code    66  stm32f10x_gpio.o(.text)
    GPIO_ETH_MediaInterfaceConfig            0x08000df7   Thumb Code     8  stm32f10x_gpio.o(.text)
    RCC_DeInit                               0x08000e25   Thumb Code    64  stm32f10x_rcc.o(.text)
    RCC_HSEConfig                            0x08000e65   Thumb Code    70  stm32f10x_rcc.o(.text)
    RCC_GetFlagStatus                        0x08000eab   Thumb Code    56  stm32f10x_rcc.o(.text)
    RCC_WaitForHSEStartUp                    0x08000ee3   Thumb Code    56  stm32f10x_rcc.o(.text)
    RCC_AdjustHSICalibrationValue            0x08000f1b   Thumb Code    20  stm32f10x_rcc.o(.text)
    RCC_HSICmd                               0x08000f2f   Thumb Code     6  stm32f10x_rcc.o(.text)
    RCC_PLLConfig                            0x08000f35   Thumb Code    24  stm32f10x_rcc.o(.text)
    RCC_PLLCmd                               0x08000f4d   Thumb Code     6  stm32f10x_rcc.o(.text)
    RCC_SYSCLKConfig                         0x08000f53   Thumb Code    18  stm32f10x_rcc.o(.text)
    RCC_GetSYSCLKSource                      0x08000f65   Thumb Code    10  stm32f10x_rcc.o(.text)
    RCC_HCLKConfig                           0x08000f6f   Thumb Code    18  stm32f10x_rcc.o(.text)
    RCC_PCLK1Config                          0x08000f81   Thumb Code    18  stm32f10x_rcc.o(.text)
    RCC_PCLK2Config                          0x08000f93   Thumb Code    20  stm32f10x_rcc.o(.text)
    RCC_ITConfig                             0x08000fa7   Thumb Code    26  stm32f10x_rcc.o(.text)
    RCC_USBCLKConfig                         0x08000fc1   Thumb Code     8  stm32f10x_rcc.o(.text)
    RCC_ADCCLKConfig                         0x08000fc9   Thumb Code    18  stm32f10x_rcc.o(.text)
    RCC_LSEConfig                            0x08000fdb   Thumb Code    50  stm32f10x_rcc.o(.text)
    RCC_LSICmd                               0x0800100d   Thumb Code     6  stm32f10x_rcc.o(.text)
    RCC_RTCCLKConfig                         0x08001013   Thumb Code    12  stm32f10x_rcc.o(.text)
    RCC_RTCCLKCmd                            0x0800101f   Thumb Code     8  stm32f10x_rcc.o(.text)
    RCC_GetClocksFreq                        0x08001027   Thumb Code   192  stm32f10x_rcc.o(.text)
    RCC_AHBPeriphClockCmd                    0x080010e7   Thumb Code    26  stm32f10x_rcc.o(.text)
    RCC_APB2PeriphClockCmd                   0x08001101   Thumb Code    26  stm32f10x_rcc.o(.text)
    RCC_APB1PeriphClockCmd                   0x0800111b   Thumb Code    26  stm32f10x_rcc.o(.text)
    RCC_APB2PeriphResetCmd                   0x08001135   Thumb Code    26  stm32f10x_rcc.o(.text)
    RCC_APB1PeriphResetCmd                   0x0800114f   Thumb Code    26  stm32f10x_rcc.o(.text)
    RCC_BackupResetCmd                       0x08001169   Thumb Code     8  stm32f10x_rcc.o(.text)
    RCC_ClockSecuritySystemCmd               0x08001171   Thumb Code     6  stm32f10x_rcc.o(.text)
    RCC_MCOConfig                            0x08001177   Thumb Code     6  stm32f10x_rcc.o(.text)
    RCC_ClearFlag                            0x0800117d   Thumb Code    14  stm32f10x_rcc.o(.text)
    RCC_GetITStatus                          0x0800118b   Thumb Code    20  stm32f10x_rcc.o(.text)
    RCC_ClearITPendingBit                    0x0800119f   Thumb Code     6  stm32f10x_rcc.o(.text)
    SPI_I2S_DeInit                           0x080011c9   Thumb Code    76  stm32f10x_spi.o(.text)
    SPI_Init                                 0x08001215   Thumb Code    60  stm32f10x_spi.o(.text)
    I2S_Init                                 0x08001251   Thumb Code   226  stm32f10x_spi.o(.text)
    SPI_StructInit                           0x08001333   Thumb Code    24  stm32f10x_spi.o(.text)
    I2S_StructInit                           0x0800134b   Thumb Code    20  stm32f10x_spi.o(.text)
    SPI_Cmd                                  0x0800135f   Thumb Code    24  stm32f10x_spi.o(.text)
    I2S_Cmd                                  0x08001377   Thumb Code    24  stm32f10x_spi.o(.text)
    SPI_I2S_ITConfig                         0x0800138f   Thumb Code    32  stm32f10x_spi.o(.text)
    SPI_I2S_DMACmd                           0x080013af   Thumb Code    18  stm32f10x_spi.o(.text)
    SPI_I2S_SendData                         0x080013c1   Thumb Code     4  stm32f10x_spi.o(.text)
    SPI_I2S_ReceiveData                      0x080013c5   Thumb Code     6  stm32f10x_spi.o(.text)
    SPI_NSSInternalSoftwareConfig            0x080013cb   Thumb Code    30  stm32f10x_spi.o(.text)
    SPI_SSOutputCmd                          0x080013e9   Thumb Code    24  stm32f10x_spi.o(.text)
    SPI_DataSizeConfig                       0x08001401   Thumb Code    18  stm32f10x_spi.o(.text)
    SPI_TransmitCRC                          0x08001413   Thumb Code    10  stm32f10x_spi.o(.text)
    SPI_CalculateCRC                         0x0800141d   Thumb Code    24  stm32f10x_spi.o(.text)
    SPI_GetCRC                               0x08001435   Thumb Code    16  stm32f10x_spi.o(.text)
    SPI_GetCRCPolynomial                     0x08001445   Thumb Code     6  stm32f10x_spi.o(.text)
    SPI_BiDirectionalLineConfig              0x0800144b   Thumb Code    28  stm32f10x_spi.o(.text)
    SPI_I2S_GetFlagStatus                    0x08001467   Thumb Code    18  stm32f10x_spi.o(.text)
    SPI_I2S_ClearFlag                        0x08001479   Thumb Code     6  stm32f10x_spi.o(.text)
    SPI_I2S_GetITStatus                      0x0800147f   Thumb Code    52  stm32f10x_spi.o(.text)
    SPI_I2S_ClearITPendingBit                0x080014b3   Thumb Code    20  stm32f10x_spi.o(.text)
    TIM_DeInit                               0x080014d5   Thumb Code   424  stm32f10x_tim.o(.text)
    TIM_TimeBaseInit                         0x0800167d   Thumb Code   122  stm32f10x_tim.o(.text)
    TIM_OC1Init                              0x080016f7   Thumb Code   132  stm32f10x_tim.o(.text)
    TIM_OC2Init                              0x0800177b   Thumb Code   154  stm32f10x_tim.o(.text)
    TIM_OC3Init                              0x08001815   Thumb Code   150  stm32f10x_tim.o(.text)
    TIM_OC4Init                              0x080018ab   Thumb Code   182  stm32f10x_tim.o(.text)
    TIM_SetIC4Prescaler                      0x08001961   Thumb Code    26  stm32f10x_tim.o(.text)
    TIM_SetIC3Prescaler                      0x080019fd   Thumb Code    18  stm32f10x_tim.o(.text)
    TIM_SetIC2Prescaler                      0x08001a89   Thumb Code    26  stm32f10x_tim.o(.text)
    TIM_SetIC1Prescaler                      0x08001b25   Thumb Code    18  stm32f10x_tim.o(.text)
    TIM_ICInit                               0x08001ba3   Thumb Code   150  stm32f10x_tim.o(.text)
    TIM_PWMIConfig                           0x08001c39   Thumb Code   124  stm32f10x_tim.o(.text)
    TIM_BDTRConfig                           0x08001cb5   Thumb Code    32  stm32f10x_tim.o(.text)
    TIM_TimeBaseStructInit                   0x08001cd5   Thumb Code    18  stm32f10x_tim.o(.text)
    TIM_OCStructInit                         0x08001ce7   Thumb Code    20  stm32f10x_tim.o(.text)
    TIM_ICStructInit                         0x08001cfb   Thumb Code    18  stm32f10x_tim.o(.text)
    TIM_BDTRStructInit                       0x08001d0d   Thumb Code    40  stm32f10x_tim.o(.text)
    TIM_Cmd                                  0x08001d35   Thumb Code    24  stm32f10x_tim.o(.text)
    TIM_CtrlPWMOutputs                       0x08001d4d   Thumb Code    30  stm32f10x_tim.o(.text)
    TIM_ITConfig                             0x08001d6b   Thumb Code    18  stm32f10x_tim.o(.text)
    TIM_GenerateEvent                        0x08001d7d   Thumb Code     4  stm32f10x_tim.o(.text)
    TIM_DMAConfig                            0x08001d81   Thumb Code    10  stm32f10x_tim.o(.text)
    TIM_DMACmd                               0x08001d8b   Thumb Code    18  stm32f10x_tim.o(.text)
    TIM_InternalClockConfig                  0x08001d9d   Thumb Code    12  stm32f10x_tim.o(.text)
    TIM_SelectInputTrigger                   0x08001da9   Thumb Code    18  stm32f10x_tim.o(.text)
    TIM_ITRxExternalClockConfig              0x08001dbb   Thumb Code    24  stm32f10x_tim.o(.text)
    TIM_TIxExternalClockConfig               0x08001dd3   Thumb Code    62  stm32f10x_tim.o(.text)
    TIM_ETRConfig                            0x08001e11   Thumb Code    28  stm32f10x_tim.o(.text)
    TIM_ETRClockMode1Config                  0x08001e2d   Thumb Code    54  stm32f10x_tim.o(.text)
    TIM_ETRClockMode2Config                  0x08001e63   Thumb Code    32  stm32f10x_tim.o(.text)
    TIM_PrescalerConfig                      0x08001e83   Thumb Code     6  stm32f10x_tim.o(.text)
    TIM_CounterModeConfig                    0x08001e89   Thumb Code    18  stm32f10x_tim.o(.text)
    TIM_EncoderInterfaceConfig               0x08001e9b   Thumb Code    66  stm32f10x_tim.o(.text)
    TIM_ForcedOC1Config                      0x08001edd   Thumb Code    18  stm32f10x_tim.o(.text)
    TIM_ForcedOC2Config                      0x08001eef   Thumb Code    26  stm32f10x_tim.o(.text)
    TIM_ForcedOC3Config                      0x08001f09   Thumb Code    18  stm32f10x_tim.o(.text)
    TIM_ForcedOC4Config                      0x08001f1b   Thumb Code    26  stm32f10x_tim.o(.text)
    TIM_ARRPreloadConfig                     0x08001f35   Thumb Code    24  stm32f10x_tim.o(.text)
    TIM_SelectCOM                            0x08001f4d   Thumb Code    24  stm32f10x_tim.o(.text)
    TIM_SelectCCDMA                          0x08001f65   Thumb Code    24  stm32f10x_tim.o(.text)
    TIM_CCPreloadControl                     0x08001f7d   Thumb Code    24  stm32f10x_tim.o(.text)
    TIM_OC1PreloadConfig                     0x08001f95   Thumb Code    18  stm32f10x_tim.o(.text)
    TIM_OC2PreloadConfig                     0x08001fa7   Thumb Code    26  stm32f10x_tim.o(.text)
    TIM_OC3PreloadConfig                     0x08001fc1   Thumb Code    18  stm32f10x_tim.o(.text)
    TIM_OC4PreloadConfig                     0x08001fd3   Thumb Code    26  stm32f10x_tim.o(.text)
    TIM_OC1FastConfig                        0x08001fed   Thumb Code    18  stm32f10x_tim.o(.text)
    TIM_OC2FastConfig                        0x08001fff   Thumb Code    26  stm32f10x_tim.o(.text)
    TIM_OC3FastConfig                        0x08002019   Thumb Code    18  stm32f10x_tim.o(.text)
    TIM_OC4FastConfig                        0x0800202b   Thumb Code    26  stm32f10x_tim.o(.text)
    TIM_ClearOC1Ref                          0x08002045   Thumb Code    18  stm32f10x_tim.o(.text)
    TIM_ClearOC2Ref                          0x08002057   Thumb Code    24  stm32f10x_tim.o(.text)
    TIM_ClearOC3Ref                          0x0800206f   Thumb Code    18  stm32f10x_tim.o(.text)
    TIM_ClearOC4Ref                          0x08002081   Thumb Code    24  stm32f10x_tim.o(.text)
    TIM_OC1PolarityConfig                    0x08002099   Thumb Code    18  stm32f10x_tim.o(.text)
    TIM_OC1NPolarityConfig                   0x080020ab   Thumb Code    18  stm32f10x_tim.o(.text)
    TIM_OC2PolarityConfig                    0x080020bd   Thumb Code    26  stm32f10x_tim.o(.text)
    TIM_OC2NPolarityConfig                   0x080020d7   Thumb Code    26  stm32f10x_tim.o(.text)
    TIM_OC3PolarityConfig                    0x080020f1   Thumb Code    26  stm32f10x_tim.o(.text)
    TIM_OC3NPolarityConfig                   0x0800210b   Thumb Code    26  stm32f10x_tim.o(.text)
    TIM_OC4PolarityConfig                    0x08002125   Thumb Code    26  stm32f10x_tim.o(.text)
    TIM_CCxCmd                               0x0800213f   Thumb Code    30  stm32f10x_tim.o(.text)
    TIM_CCxNCmd                              0x0800215d   Thumb Code    30  stm32f10x_tim.o(.text)
    TIM_SelectOCxM                           0x0800217b   Thumb Code    82  stm32f10x_tim.o(.text)
    TIM_UpdateDisableConfig                  0x080021cd   Thumb Code    24  stm32f10x_tim.o(.text)
    TIM_UpdateRequestConfig                  0x080021e5   Thumb Code    24  stm32f10x_tim.o(.text)
    TIM_SelectHallSensor                     0x080021fd   Thumb Code    24  stm32f10x_tim.o(.text)
    TIM_SelectOnePulseMode                   0x08002215   Thumb Code    18  stm32f10x_tim.o(.text)
    TIM_SelectOutputTrigger                  0x08002227   Thumb Code    18  stm32f10x_tim.o(.text)
    TIM_SelectSlaveMode                      0x08002239   Thumb Code    18  stm32f10x_tim.o(.text)
    TIM_SelectMasterSlaveMode                0x0800224b   Thumb Code    18  stm32f10x_tim.o(.text)
    TIM_SetCounter                           0x0800225d   Thumb Code     4  stm32f10x_tim.o(.text)
    TIM_SetAutoreload                        0x08002261   Thumb Code     4  stm32f10x_tim.o(.text)
    TIM_SetCompare1                          0x08002265   Thumb Code     4  stm32f10x_tim.o(.text)
    TIM_SetCompare2                          0x08002269   Thumb Code     4  stm32f10x_tim.o(.text)
    TIM_SetCompare3                          0x0800226d   Thumb Code     4  stm32f10x_tim.o(.text)
    TIM_SetCompare4                          0x08002271   Thumb Code     6  stm32f10x_tim.o(.text)
    TIM_SetClockDivision                     0x08002277   Thumb Code    18  stm32f10x_tim.o(.text)
    TIM_GetCapture1                          0x08002289   Thumb Code     6  stm32f10x_tim.o(.text)
    TIM_GetCapture2                          0x0800228f   Thumb Code     6  stm32f10x_tim.o(.text)
    TIM_GetCapture3                          0x08002295   Thumb Code     6  stm32f10x_tim.o(.text)
    TIM_GetCapture4                          0x0800229b   Thumb Code     8  stm32f10x_tim.o(.text)
    TIM_GetCounter                           0x080022a3   Thumb Code     6  stm32f10x_tim.o(.text)
    TIM_GetPrescaler                         0x080022a9   Thumb Code     6  stm32f10x_tim.o(.text)
    TIM_GetFlagStatus                        0x080022af   Thumb Code    18  stm32f10x_tim.o(.text)
    TIM_ClearFlag                            0x080022c1   Thumb Code     6  stm32f10x_tim.o(.text)
    TIM_GetITStatus                          0x080022c7   Thumb Code    34  stm32f10x_tim.o(.text)
    TIM_ClearITPendingBit                    0x080022e9   Thumb Code     6  stm32f10x_tim.o(.text)
    USART_DeInit                             0x080022f1   Thumb Code   134  stm32f10x_usart.o(.text)
    USART_Init                               0x08002377   Thumb Code   210  stm32f10x_usart.o(.text)
    USART_StructInit                         0x08002449   Thumb Code    24  stm32f10x_usart.o(.text)
    USART_ClockInit                          0x08002461   Thumb Code    34  stm32f10x_usart.o(.text)
    USART_ClockStructInit                    0x08002483   Thumb Code    12  stm32f10x_usart.o(.text)
    USART_Cmd                                0x0800248f   Thumb Code    24  stm32f10x_usart.o(.text)
    USART_ITConfig                           0x080024a7   Thumb Code    74  stm32f10x_usart.o(.text)
    USART_DMACmd                             0x080024f1   Thumb Code    18  stm32f10x_usart.o(.text)
    USART_SetAddress                         0x08002503   Thumb Code    18  stm32f10x_usart.o(.text)
    USART_WakeUpConfig                       0x08002515   Thumb Code    18  stm32f10x_usart.o(.text)
    USART_ReceiverWakeUpCmd                  0x08002527   Thumb Code    24  stm32f10x_usart.o(.text)
    USART_LINBreakDetectLengthConfig         0x0800253f   Thumb Code    18  stm32f10x_usart.o(.text)
    USART_LINCmd                             0x08002551   Thumb Code    24  stm32f10x_usart.o(.text)
    USART_SendData                           0x08002569   Thumb Code     8  stm32f10x_usart.o(.text)
    USART_ReceiveData                        0x08002571   Thumb Code    10  stm32f10x_usart.o(.text)
    USART_SendBreak                          0x0800257b   Thumb Code    10  stm32f10x_usart.o(.text)
    USART_SetGuardTime                       0x08002585   Thumb Code    16  stm32f10x_usart.o(.text)
    USART_SetPrescaler                       0x08002595   Thumb Code    16  stm32f10x_usart.o(.text)
    USART_SmartCardCmd                       0x080025a5   Thumb Code    24  stm32f10x_usart.o(.text)
    USART_SmartCardNACKCmd                   0x080025bd   Thumb Code    24  stm32f10x_usart.o(.text)
    USART_HalfDuplexCmd                      0x080025d5   Thumb Code    24  stm32f10x_usart.o(.text)
    USART_OverSampling8Cmd                   0x080025ed   Thumb Code    22  stm32f10x_usart.o(.text)
    USART_OneBitMethodCmd                    0x08002603   Thumb Code    24  stm32f10x_usart.o(.text)
    USART_IrDAConfig                         0x0800261b   Thumb Code    18  stm32f10x_usart.o(.text)
    USART_IrDACmd                            0x0800262d   Thumb Code    24  stm32f10x_usart.o(.text)
    USART_GetFlagStatus                      0x08002645   Thumb Code    26  stm32f10x_usart.o(.text)
    USART_ClearFlag                          0x0800265f   Thumb Code    18  stm32f10x_usart.o(.text)
    USART_GetITStatus                        0x08002671   Thumb Code    84  stm32f10x_usart.o(.text)
    USART_ClearITPendingBit                  0x080026c5   Thumb Code    52  stm32f10x_usart.o(.text)
    SWJ_gpio_init                            0x080026f9   Thumb Code    20  main.o(.text)
    app_led_run                              0x0800270d   Thumb Code    56  main.o(.text)
    parameter_init                           0x08002745   Thumb Code   122  main.o(.text)
    OLED_Show_Motor_Speed                    0x080027bf   Thumb Code   282  main.o(.text)
    main                                     0x080028d9   Thumb Code   314  main.o(.text)
    app_uart_init                            0x08002add   Thumb Code    36  app_uart.o(.text)
    app_uart_run                             0x08002b01   Thumb Code   340  app_uart.o(.text)
    app_ps2_init                             0x08002c85   Thumb Code     8  app_ps2.o(.text)
    parse_psx_buf                            0x08002c8d   Thumb Code   410  app_ps2.o(.text)
    loop_ps2_car                             0x08002e27   Thumb Code   696  app_ps2.o(.text)
    app_ps2_run                              0x080030df   Thumb Code    86  app_ps2.o(.text)
    motor_speed_set                          0x08003141   Thumb Code    20  app_motor.o(.text)
    app_motor_init                           0x08003155   Thumb Code    12  app_motor.o(.text)
    app_motor_run                            0x08003161   Thumb Code   362  app_motor.o(.text)
    app_sensor_init                          0x080032e1   Thumb Code    48  app_sensor.o(.text)
    AI_gensui_moshi                          0x08003311   Thumb Code   102  app_sensor.o(.text)
    AI_ziyou_bizhang                         0x08003377   Thumb Code   174  app_sensor.o(.text)
    app_sensor_run                           0x08003885   Thumb Code   114  app_sensor.o(.text)
    delay_ns                                 0x0800391d   Thumb Code    14  y_delay.o(.text)
    delay_us                                 0x0800392b   Thumb Code    40  y_delay.o(.text)
    delay_ms                                 0x08003953   Thumb Code    32  y_delay.o(.text)
    soft_reset                               0x08003975   Thumb Code    44  y_global.o(.text)
    zx_uart_send_str                         0x080039a1   Thumb Code    18  y_global.o(.text)
    all_uart_send_str                        0x080039b3   Thumb Code    30  y_global.o(.text)
    str_contain_str                          0x080039d1   Thumb Code    74  y_global.o(.text)
    replace_char                             0x08003a1b   Thumb Code    20  y_global.o(.text)
    rewrite_eeprom                           0x08003a2f   Thumb Code    22  y_global.o(.text)
    parse_action                             0x08003a45   Thumb Code   538  y_global.o(.text)
    save_action                              0x08003c5f   Thumb Code   342  y_global.o(.text)
    kinematics_move                          0x08003db5   Thumb Code   170  y_global.o(.text)
    getMaxTime                               0x08003e5f   Thumb Code    92  y_global.o(.text)
    do_group_once                            0x08003ebb   Thumb Code    50  y_global.o(.text)
    parse_cmd                                0x08003eed   Thumb Code  1454  y_global.o(.text)
    app_action_run                           0x0800449b   Thumb Code   198  y_global.o(.text)
    set_servo                                0x08004561   Thumb Code    30  y_global.o(.text)
    setup_kinematics                         0x08004679   Thumb Code    58  y_kinematics.o(.text)
    kinematics_analysis                      0x080046b3   Thumb Code  1506  y_kinematics.o(.text)
    led_init                                 0x08004cc5   Thumb Code    36  y_led.o(.text)
    motor_init                               0x08004ced   Thumb Code   452  y_motor.o(.text)
    SPEED_PidCtlA                            0x08004eb1   Thumb Code   174  y_motor.o(.text)
    SPEED_PidCtlB                            0x08004f5f   Thumb Code   174  y_motor.o(.text)
    SPEED_PidCtlC                            0x0800500d   Thumb Code   174  y_motor.o(.text)
    SPEED_PidCtlD                            0x080050bb   Thumb Code   256  y_motor.o(.text)
    MOTOR_A_SetSpeed                         0x080051bb   Thumb Code    76  y_motor.o(.text)
    MOTOR_B_SetSpeed                         0x08005207   Thumb Code    76  y_motor.o(.text)
    MOTOR_C_SetSpeed                         0x08005253   Thumb Code    76  y_motor.o(.text)
    MOTOR_D_SetSpeed                         0x0800529f   Thumb Code    76  y_motor.o(.text)
    TIM7_IRQHandler                          0x08005543   Thumb Code   142  y_servo.o(.text)
    pwmServo_init                            0x080055d1   Thumb Code    12  y_servo.o(.text)
    pwmServo_angle_set                       0x080055dd   Thumb Code   288  y_servo.o(.text)
    pwmServo_stop_motion                     0x080056fd   Thumb Code   104  y_servo.o(.text)
    pwmServo_bias_set                        0x08005765   Thumb Code    28  y_servo.o(.text)
    SysTick_Init                             0x08005789   Thumb Code    84  y_timer.o(.text)
    SysTick_Handler                          0x080057dd   Thumb Code    40  y_timer.o(.text)
    millis                                   0x08005805   Thumb Code     6  y_timer.o(.text)
    uart1_init                               0x08005821   Thumb Code   180  y_usart.o(.text)
    uart2_init                               0x080058d5   Thumb Code   168  y_usart.o(.text)
    uart3_init                               0x0800597d   Thumb Code   172  y_usart.o(.text)
    uart5_init                               0x08005a29   Thumb Code   158  y_usart.o(.text)
    fputc                                    0x08005ac7   Thumb Code    24  y_usart.o(.text)
    uart1_send_str                           0x08005adf   Thumb Code    34  y_usart.o(.text)
    uart2_send_str                           0x08005b01   Thumb Code    34  y_usart.o(.text)
    uart3_send_str                           0x08005b23   Thumb Code    34  y_usart.o(.text)
    uart5_send_str                           0x08005b45   Thumb Code    56  y_usart.o(.text)
    USART1_IRQHandler                        0x08005b7d   Thumb Code   300  y_usart.o(.text)
    USART2_IRQHandler                        0x08005ca9   Thumb Code   254  y_usart.o(.text)
    USART3_IRQHandler                        0x08005da7   Thumb Code   254  y_usart.o(.text)
    UART5_IRQHandler                         0x08005ea5   Thumb Code   254  y_usart.o(.text)
    ENCODER_A_GetCounter                     0x080062b7   Thumb Code    20  y_encoder.o(.text)
    ENCODER_B_GetCounter                     0x080062cb   Thumb Code    20  y_encoder.o(.text)
    ENCODER_C_GetCounter                     0x080062df   Thumb Code    20  y_encoder.o(.text)
    ENCODER_D_GetCounter                     0x080062f3   Thumb Code    20  y_encoder.o(.text)
    Encoder_Init                             0x08006307   Thumb Code    20  y_encoder.o(.text)
    ps2_init                                 0x08006335   Thumb Code   128  y_ps2.o(.text)
    ps2_transfer                             0x080063b5   Thumb Code   110  y_ps2.o(.text)
    ps2_write_read                           0x08006423   Thumb Code   114  y_ps2.o(.text)
    TRACK_IR4_Init                           0x080064a5   Thumb Code    84  tracking.o(.text)
    spi_flash_init                           0x080064fd   Thumb Code   152  y_flash.o(.text)
    spi_set_speed                            0x08006595   Thumb Code    26  y_flash.o(.text)
    spi_write_read                           0x080065af   Thumb Code    78  y_flash.o(.text)
    spi_flash_read_id                        0x080065fd   Thumb Code    72  y_flash.o(.text)
    spi_flash_read_SR                        0x08006645   Thumb Code    44  y_flash.o(.text)
    spi_flash_write_SR                       0x08006671   Thumb Code    40  y_flash.o(.text)
    spi_flash_write_enable                   0x08006699   Thumb Code    32  y_flash.o(.text)
    spi_flash_write_disable                  0x080066b9   Thumb Code    32  y_flash.o(.text)
    spi_flash_read_char                      0x080066d9   Thumb Code    70  y_flash.o(.text)
    spi_flash_read                           0x0800671f   Thumb Code    84  y_flash.o(.text)
    spi_flash_wait_busy                      0x08006773   Thumb Code    18  y_flash.o(.text)
    spi_flash_write_char                     0x08006785   Thumb Code    72  y_flash.o(.text)
    spi_flash_write_page                     0x080067cd   Thumb Code   102  y_flash.o(.text)
    spi_flash_write_no_check                 0x08006833   Thumb Code    70  y_flash.o(.text)
    spi_flash_erase_sector                   0x08006879   Thumb Code    70  y_flash.o(.text)
    SpiFlashWriteS                           0x080068bf   Thumb Code   202  y_flash.o(.text)
    spi_flash_write_sector                   0x08006989   Thumb Code    38  y_flash.o(.text)
    spi_flash_write                          0x080069af   Thumb Code   188  y_flash.o(.text)
    spi_flash_erase_chip                     0x08006a6b   Thumb Code    44  y_flash.o(.text)
    spi_flash_power_down                     0x08006a97   Thumb Code    38  y_flash.o(.text)
    spi_flash_wake_up                        0x08006abd   Thumb Code    38  y_flash.o(.text)
    soft_i2c_gpio_init                       0x08006aed   Thumb Code    52  y_soft_i2c.o(.text)
    i2c_delay                                0x08006b21   Thumb Code     2  y_soft_i2c.o(.text)
    i2c_start                                0x08006b23   Thumb Code    44  y_soft_i2c.o(.text)
    i2c_stop                                 0x08006b4f   Thumb Code    48  y_soft_i2c.o(.text)
    i2c_ack                                  0x08006b7f   Thumb Code    48  y_soft_i2c.o(.text)
    i2c_nack                                 0x08006baf   Thumb Code    40  y_soft_i2c.o(.text)
    i2c_wait_ack                             0x08006bd7   Thumb Code    78  y_soft_i2c.o(.text)
    i2c_write_byte                           0x08006c25   Thumb Code    86  y_soft_i2c.o(.text)
    i2c_read_byte                            0x08006c7b   Thumb Code    78  y_soft_i2c.o(.text)
    OLED_Write_Dat                           0x08006d17   Thumb Code    14  y_oled.o(.text)
    OLED_Write_Cmd                           0x08006d25   Thumb Code    14  y_oled.o(.text)
    OLED_ON                                  0x08006d33   Thumb Code    22  y_oled.o(.text)
    OLED_OFF                                 0x08006d49   Thumb Code    22  y_oled.o(.text)
    OLED_Set_Pos                             0x08006d5f   Thumb Code    40  y_oled.o(.text)
    OLED_Fill                                0x08006d87   Thumb Code    58  y_oled.o(.text)
    OLED_CLS                                 0x08006dc1   Thumb Code    10  y_oled.o(.text)
    OLED_Init                                0x08006dcb   Thumb Code   224  y_oled.o(.text)
    OLED_P6x8Str                             0x08006eab   Thumb Code    96  y_oled.o(.text)
    OLED_P8x16Str                            0x08006f0b   Thumb Code   134  y_oled.o(.text)
    OLED_ShowStr                             0x08006f91   Thumb Code   228  y_oled.o(.text)
    OLED_DrawBMP                             0x08007075   Thumb Code    96  y_oled.o(.text)
    OLED_TEST                                0x080070d5   Thumb Code    18  y_oled.o(.text)
    OLED_P16x16Ch                            0x080070e7   Thumb Code    80  y_oled.o(.text)
    ADC_init                                 0x08007141   Thumb Code   248  y_adc.o(.text)
    BEEP_Init                                0x08007249   Thumb Code    38  y_beep.o(.text)
    beep_on_times                            0x0800726f   Thumb Code    46  y_beep.o(.text)
    key_init                                 0x080072a1   Thumb Code    36  key.o(.text)
    ultrasonic_i2c_delay                     0x080072c9   Thumb Code    14  ultrasonic.o(.text)
    ultrasonic_i2c_start                     0x080072d7   Thumb Code    44  ultrasonic.o(.text)
    ultrasonic_i2c_stop                      0x08007303   Thumb Code    48  ultrasonic.o(.text)
    ultrasonic_i2c_ack                       0x08007333   Thumb Code    48  ultrasonic.o(.text)
    ultrasonic_i2c_nack                      0x08007363   Thumb Code    40  ultrasonic.o(.text)
    ultrasonic_i2c_wait_ack                  0x0800738b   Thumb Code    78  ultrasonic.o(.text)
    ultrasonic_i2c_write_byte                0x080073d9   Thumb Code    86  ultrasonic.o(.text)
    ultrasonic_i2c_read_byte                 0x0800742f   Thumb Code    78  ultrasonic.o(.text)
    ultrasonic_Init                          0x08007491   Thumb Code    32  ultrasonic.o(.text)
    ultrasonic_rgb_r                         0x080074b1   Thumb Code   240  ultrasonic.o(.text)
    ultrasonic_rgb_t                         0x080075a1   Thumb Code   240  ultrasonic.o(.text)
    ultrasonic_start_measuring               0x08007691   Thumb Code   112  ultrasonic.o(.text)
    ultrasonic_read_distance                 0x08007701   Thumb Code    92  ultrasonic.o(.text)
    __aeabi_memcpy                           0x08007765   Thumb Code    36  memcpya.o(.text)
    __aeabi_memcpy4                          0x08007765   Thumb Code     0  memcpya.o(.text)
    __aeabi_memcpy8                          0x08007765   Thumb Code     0  memcpya.o(.text)
    __aeabi_memset                           0x08007789   Thumb Code    14  memseta.o(.text)
    __aeabi_memset4                          0x08007789   Thumb Code     0  memseta.o(.text)
    __aeabi_memset8                          0x08007789   Thumb Code     0  memseta.o(.text)
    __aeabi_memclr                           0x08007797   Thumb Code     4  memseta.o(.text)
    __aeabi_memclr4                          0x08007797   Thumb Code     0  memseta.o(.text)
    __aeabi_memclr8                          0x08007797   Thumb Code     0  memseta.o(.text)
    _memset$wrapper                          0x0800779b   Thumb Code    18  memseta.o(.text)
    strlen                                   0x080077ad   Thumb Code    14  strlen.o(.text)
    strcpy                                   0x080077bb   Thumb Code    18  strcpy.o(.text)
    __0sscanf                                0x080077cd   Thumb Code    48  __0sscanf.o(.text)
    _scanf_int                               0x08007805   Thumb Code   332  _scanf_int.o(.text)
    _scanf_real                              0x08007a79   Thumb Code     0  scanf_fp.o(.text)
    _scanf_really_real                       0x08007a79   Thumb Code   556  scanf_fp.o(.text)
    __aeabi_fadd                             0x08007cb1   Thumb Code   164  fadd.o(.text)
    __aeabi_fsub                             0x08007d55   Thumb Code     6  fadd.o(.text)
    __aeabi_frsub                            0x08007d5b   Thumb Code     6  fadd.o(.text)
    __aeabi_fmul                             0x08007d61   Thumb Code   100  fmul.o(.text)
    __aeabi_fdiv                             0x08007dc5   Thumb Code   124  fdiv.o(.text)
    __aeabi_dadd                             0x08007e41   Thumb Code   322  dadd.o(.text)
    __aeabi_dsub                             0x08007f83   Thumb Code     6  dadd.o(.text)
    __aeabi_drsub                            0x08007f89   Thumb Code     6  dadd.o(.text)
    __aeabi_dmul                             0x08007f8f   Thumb Code   228  dmul.o(.text)
    __aeabi_ddiv                             0x08008073   Thumb Code   222  ddiv.o(.text)
    __aeabi_i2f                              0x08008151   Thumb Code    18  fflti.o(.text)
    __aeabi_ui2f                             0x08008163   Thumb Code    10  ffltui.o(.text)
    __aeabi_i2d                              0x0800816d   Thumb Code    34  dflti.o(.text)
    __aeabi_ui2d                             0x0800818f   Thumb Code    26  dfltui.o(.text)
    __aeabi_f2iz                             0x080081a9   Thumb Code    50  ffixi.o(.text)
    __aeabi_f2uiz                            0x080081db   Thumb Code    40  ffixui.o(.text)
    __aeabi_d2iz                             0x08008203   Thumb Code    62  dfixi.o(.text)
    __aeabi_f2d                              0x08008241   Thumb Code    38  f2d.o(.text)
    __aeabi_cdcmpeq                          0x08008269   Thumb Code     0  cdcmple.o(.text)
    __aeabi_cdcmple                          0x08008269   Thumb Code    48  cdcmple.o(.text)
    __aeabi_cdrcmple                         0x08008299   Thumb Code    48  cdrcmple.o(.text)
    __aeabi_d2f                              0x080082c9   Thumb Code    56  d2f.o(.text)
    __aeabi_cfcmpeq                          0x08008301   Thumb Code     0  cfcmple.o(.text)
    __aeabi_cfcmple                          0x08008301   Thumb Code    20  cfcmple.o(.text)
    __aeabi_cfrcmple                         0x08008315   Thumb Code    20  cfrcmple.o(.text)
    __aeabi_uidiv                            0x08008329   Thumb Code     0  uidiv.o(.text)
    __aeabi_uidivmod                         0x08008329   Thumb Code    44  uidiv.o(.text)
    __aeabi_uldivmod                         0x08008355   Thumb Code    98  uldiv.o(.text)
    __aeabi_llsl                             0x080083b7   Thumb Code    30  llshl.o(.text)
    _ll_shift_l                              0x080083b7   Thumb Code     0  llshl.o(.text)
    __aeabi_llsr                             0x080083d5   Thumb Code    32  llushr.o(.text)
    _ll_ushift_r                             0x080083d5   Thumb Code     0  llushr.o(.text)
    __aeabi_lasr                             0x080083f5   Thumb Code    36  llsshr.o(.text)
    _ll_sshift_r                             0x080083f5   Thumb Code     0  llsshr.o(.text)
    _chval                                   0x08008419   Thumb Code    28  _chval.o(.text)
    __vfscanf_char                           0x08008441   Thumb Code    20  scanf_char.o(.text)
    _sgetc                                   0x0800845d   Thumb Code    30  _sgetc.o(.text)
    _sbackspace                              0x0800847b   Thumb Code    34  _sgetc.o(.text)
    __I$use$fp                               0x0800849d   Thumb Code     0  iusefp.o(.text)
    _float_round                             0x0800849d   Thumb Code    18  fepilogue.o(.text)
    _float_epilogue                          0x080084af   Thumb Code    92  fepilogue.o(.text)
    _double_round                            0x0800850b   Thumb Code    30  depilogue.o(.text)
    _double_epilogue                         0x08008529   Thumb Code   156  depilogue.o(.text)
    __ARM_scalbn                             0x080085c5   Thumb Code    46  dscalb.o(.text)
    scalbn                                   0x080085c5   Thumb Code     0  dscalb.o(.text)
    _dsqrt                                   0x080085f3   Thumb Code   162  dsqrt.o(.text)
    __aeabi_ul2d                             0x08008695   Thumb Code    24  dfltul.o(.text)
    __aeabi_d2ulz                            0x080086ad   Thumb Code    48  dfixul.o(.text)
    __scatterload                            0x080086dd   Thumb Code    28  init.o(.text)
    __scatterload_rt2                        0x080086dd   Thumb Code     0  init.o(.text)
    isspace                                  0x08008701   Thumb Code    10  isspace_c.o(.text)
    __vfscanf                                0x0800870d   Thumb Code   808  _scanf.o(.text)
    __ctype_lookup                           0x08008a39   Thumb Code    34  ctype_c.o(.text)
    __decompress                             0x08008a61   Thumb Code     0  __dczerorl2.o(.text)
    __decompress1                            0x08008a61   Thumb Code    86  __dczerorl2.o(.text)
    __0printf                                0x08008ab9   Thumb Code    22  printfa.o(i.__0printf)
    __1printf                                0x08008ab9   Thumb Code     0  printfa.o(i.__0printf)
    __2printf                                0x08008ab9   Thumb Code     0  printfa.o(i.__0printf)
    __c89printf                              0x08008ab9   Thumb Code     0  printfa.o(i.__0printf)
    printf                                   0x08008ab9   Thumb Code     0  printfa.o(i.__0printf)
    __0sprintf                               0x08008ad9   Thumb Code    34  printfa.o(i.__0sprintf)
    __1sprintf                               0x08008ad9   Thumb Code     0  printfa.o(i.__0sprintf)
    __2sprintf                               0x08008ad9   Thumb Code     0  printfa.o(i.__0sprintf)
    __c89sprintf                             0x08008ad9   Thumb Code     0  printfa.o(i.__0sprintf)
    sprintf                                  0x08008ad9   Thumb Code     0  printfa.o(i.__0sprintf)
    __ARM_fpclassify                         0x08008b01   Thumb Code    40  fpclassify.o(i.__ARM_fpclassify)
    __ieee754_rem_pio2                       0x08008b29   Thumb Code   828  rred.o(i.__ieee754_rem_pio2)
    __kernel_cos                             0x08008eb1   Thumb Code   230  cos_i.o(i.__kernel_cos)
    __kernel_poly                            0x08008fad   Thumb Code   170  poly.o(i.__kernel_poly)
    __kernel_sin                             0x08009059   Thumb Code   224  sin_i.o(i.__kernel_sin)
    __mathlib_dbl_infnan                     0x08009145   Thumb Code     6  dunder.o(i.__mathlib_dbl_infnan)
    __mathlib_dbl_invalid                    0x0800914b   Thumb Code    12  dunder.o(i.__mathlib_dbl_invalid)
    __mathlib_dbl_underflow                  0x08009159   Thumb Code    10  dunder.o(i.__mathlib_dbl_underflow)
    __scatterload_copy                       0x08009169   Thumb Code    14  handlers.o(i.__scatterload_copy)
    __scatterload_null                       0x08009177   Thumb Code     2  handlers.o(i.__scatterload_null)
    __scatterload_zeroinit                   0x08009179   Thumb Code    14  handlers.o(i.__scatterload_zeroinit)
    __set_errno                              0x08009189   Thumb Code     6  errno.o(i.__set_errno)
    _is_digit                                0x08009319   Thumb Code    14  scanf_fp.o(i._is_digit)
    acos                                     0x08009a61   Thumb Code   574  acos.o(i.acos)
    atan                                     0x08009cdd   Thumb Code   474  atan.o(i.atan)
    cos                                      0x08009efd   Thumb Code   148  cos.o(i.cos)
    sin                                      0x08009f99   Thumb Code   150  sin.o(i.sin)
    sqrt                                     0x0800a039   Thumb Code    76  sqrt.o(i.sqrt)
    FONT_COLOR                               0x0800a084   Data         160  resource.o(.constdata)
    MAP3                                     0x0800a124   Data         160  resource.o(.constdata)
    MAP2                                     0x0800a1c4   Data         160  resource.o(.constdata)
    MAP1                                     0x0800a264   Data         160  resource.o(.constdata)
    CAR_COLOR_TRACE                          0x0800a304   Data         192  resource.o(.constdata)
    PTZ_COLOR_TRACE                          0x0800a3c4   Data         192  resource.o(.constdata)
    ARM_COLOR_TRACE                          0x0800a484   Data         224  resource.o(.constdata)
    AprilTag_Sort                            0x0800a564   Data         224  resource.o(.constdata)
    AprilTag_Stack                           0x0800a644   Data         224  resource.o(.constdata)
    COLOR_TRACE_GRASP                        0x0800a724   Data         192  resource.o(.constdata)
    FACE_TRACE                               0x0800a7e4   Data         128  resource.o(.constdata)
    F6x8                                     0x0800a864   Data         552  resource.o(.constdata)
    F8X16                                    0x0800aa8c   Data        1520  resource.o(.constdata)
    __ctype_categories                       0x0800b288   Data          64  ctype_c.o(.constdata)
    Region$$Table$$Base                      0x0800b750   Number         0  anon$$obj.o(Region$$Table)
    Region$$Table$$Limit                     0x0800b770   Number         0  anon$$obj.o(Region$$Table)
    SystemCoreClock                          0x20000000   Data           4  system_stm32f10x.o(.data)
    AHBPrescTable                            0x20000004   Data          16  system_stm32f10x.o(.data)
    pre_cmd_set_red                          0x20000030   Data          64  app_ps2.o(.data)
    pre_cmd_set_grn                          0x20000070   Data          64  app_ps2.o(.data)
    xunji_mode                               0x200000d4   Data           1  app_sensor.o(.data)
    IR_X3                                    0x200000d5   Data           1  app_sensor.o(.data)
    IR_X2                                    0x200000d6   Data           1  app_sensor.o(.data)
    IR_X4                                    0x200000d7   Data           1  app_sensor.o(.data)
    IR_X1                                    0x200000d8   Data           1  app_sensor.o(.data)
    trackState                               0x200000dc   Data           4  app_sensor.o(.data)
    T_cross                                  0x200000e0   Data           4  app_sensor.o(.data)
    flag_F                                   0x200000e4   Data           4  app_sensor.o(.data)
    forbid_F                                 0x200000e8   Data           4  app_sensor.o(.data)
    group_do_ok                              0x20000100   Data           1  y_global.o(.data)
    AI_mode                                  0x20000101   Data           1  y_global.o(.data)
    forbid_turn                              0x20000102   Data           1  y_global.o(.data)
    action_time                              0x20000104   Data           4  y_global.o(.data)
    do_start_index                           0x20000108   Data           4  y_global.o(.data)
    do_group_cnt                             0x2000010c   Data           4  y_global.o(.data)
    group_num_start                          0x20000110   Data           4  y_global.o(.data)
    group_num_end                            0x20000114   Data           4  y_global.o(.data)
    group_num_cnt                            0x20000118   Data           4  y_global.o(.data)
    oled_mode                                0x2000011c   Data           4  y_global.o(.data)
    mv_mode                                  0x20000120   Data           4  y_global.o(.data)
    motor_kp                                 0x20000130   Data           2  y_motor.o(.data)
    motor_kd                                 0x20000132   Data           2  y_motor.o(.data)
    uart1_get_ok                             0x2000016e   Data           2  y_usart.o(.data)
    uart1_mode                               0x20000170   Data           1  y_usart.o(.data)
    uart2_get_ok                             0x20000172   Data           2  y_usart.o(.data)
    uart2_mode                               0x20000174   Data           1  y_usart.o(.data)
    uart3_get_ok                             0x20000176   Data           2  y_usart.o(.data)
    uart3_mode                               0x20000178   Data           1  y_usart.o(.data)
    uart5_get_ok                             0x2000017a   Data           2  y_usart.o(.data)
    uart5_mode                               0x2000017c   Data           1  y_usart.o(.data)
    GPIO_InitStructure                       0x20000186   Data           4  y_flash.o(.data)
    ADC_ConvertedValue                       0x2000018c   Data           2  y_adc.o(.data)
    __stdout                                 0x20000190   Data           4  stdout.o(.data)
    cmd_return                               0x20000198   Data         512  y_global.o(.bss)
    eeprom_info                              0x20000398   Data         172  y_global.o(.bss)
    kinematics                               0x20000444   Data          88  y_kinematics.o(.bss)
    Wheel_A                                  0x200004a0   Data          24  y_motor.o(.bss)
    Wheel_B                                  0x200004b8   Data          24  y_motor.o(.bss)
    Wheel_C                                  0x200004d0   Data          24  y_motor.o(.bss)
    Wheel_D                                  0x200004e8   Data          24  y_motor.o(.bss)
    pwmServo_angle                           0x20000500   Data         128  y_servo.o(.bss)
    uart1_receive_buf                        0x20000580   Data         512  y_usart.o(.bss)
    uart2_receive_buf                        0x20000780   Data         512  y_usart.o(.bss)
    uart3_receive_buf                        0x20000980   Data         512  y_usart.o(.bss)
    uart5_receive_buf                        0x20000b80   Data         512  y_usart.o(.bss)
    psx_buf                                  0x20000d80   Data           9  y_ps2.o(.bss)
    SPI_InitStructure                        0x20000d8a   Data          18  y_flash.o(.bss)
    W25Q_BUF                                 0x20000d9c   Data        4096  y_flash.o(.bss)
    __initial_sp                             0x200021a0   Data           0  startup_stm32f10x_hd.o(STACK)



==============================================================================

Memory Map of the image

  Image Entry point : 0x08000131

  Load Region LR_IROM1 (Base: 0x08000000, Size: 0x0000b908, Max: 0x00040000, ABSOLUTE, COMPRESSED[0x0000b7f8])

    Execution Region ER_IROM1 (Exec base: 0x08000000, Load base: 0x08000000, Size: 0x0000b770, Max: 0x00040000, ABSOLUTE)

    Exec Addr    Load Addr    Size         Type   Attr      Idx    E Section Name        Object

    0x08000000   0x08000000   0x00000130   Data   RO            3    RESET               startup_stm32f10x_hd.o
    0x08000130   0x08000130   0x00000000   Code   RO          972  * .ARM.Collect$$$$00000000  mc_w.l(entry.o)
    0x08000130   0x08000130   0x00000004   Code   RO         1324    .ARM.Collect$$$$00000001  mc_w.l(entry2.o)
    0x08000134   0x08000134   0x00000004   Code   RO         1327    .ARM.Collect$$$$00000004  mc_w.l(entry5.o)
    0x08000138   0x08000138   0x00000000   Code   RO         1329    .ARM.Collect$$$$00000008  mc_w.l(entry7b.o)
    0x08000138   0x08000138   0x00000000   Code   RO         1331    .ARM.Collect$$$$0000000A  mc_w.l(entry8b.o)
    0x08000138   0x08000138   0x00000008   Code   RO         1332    .ARM.Collect$$$$0000000B  mc_w.l(entry9a.o)
    0x08000140   0x08000140   0x00000000   Code   RO         1334    .ARM.Collect$$$$0000000D  mc_w.l(entry10a.o)
    0x08000140   0x08000140   0x00000000   Code   RO         1336    .ARM.Collect$$$$0000000F  mc_w.l(entry11a.o)
    0x08000140   0x08000140   0x00000004   Code   RO         1325    .ARM.Collect$$$$00002712  mc_w.l(entry2.o)
    0x08000144   0x08000144   0x00000024   Code   RO            4    .text               startup_stm32f10x_hd.o
    0x08000168   0x08000168   0x000001e0   Code   RO           10    .text               system_stm32f10x.o
    0x08000348   0x08000348   0x000000dc   Code   RO          121    .text               misc.o
    0x08000424   0x08000424   0x0000044e   Code   RO          137    .text               stm32f10x_adc.o
    0x08000872   0x08000872   0x00000002   PAD
    0x08000874   0x08000874   0x00000254   Code   RO          221    .text               stm32f10x_dma.o
    0x08000ac8   0x08000ac8   0x0000035c   Code   RO          269    .text               stm32f10x_gpio.o
    0x08000e24   0x08000e24   0x000003a4   Code   RO          317    .text               stm32f10x_rcc.o
    0x080011c8   0x080011c8   0x0000030c   Code   RO          355    .text               stm32f10x_spi.o
    0x080014d4   0x080014d4   0x00000e1a   Code   RO          367    .text               stm32f10x_tim.o
    0x080022ee   0x080022ee   0x00000002   PAD
    0x080022f0   0x080022f0   0x00000408   Code   RO          379    .text               stm32f10x_usart.o
    0x080026f8   0x080026f8   0x000003e4   Code   RO          403    .text               main.o
    0x08002adc   0x08002adc   0x000001a8   Code   RO          509    .text               app_uart.o
    0x08002c84   0x08002c84   0x000004bc   Code   RO          521    .text               app_ps2.o
    0x08003140   0x08003140   0x000001a0   Code   RO          537    .text               app_motor.o
    0x080032e0   0x080032e0   0x0000063c   Code   RO          549    .text               app_sensor.o
    0x0800391c   0x0800391c   0x00000056   Code   RO          564    .text               y_delay.o
    0x08003972   0x08003972   0x00000002   PAD
    0x08003974   0x08003974   0x00000d04   Code   RO          637    .text               y_global.o
    0x08004678   0x08004678   0x0000064c   Code   RO          664    .text               y_kinematics.o
    0x08004cc4   0x08004cc4   0x00000028   Code   RO          682    .text               y_led.o
    0x08004cec   0x08004cec   0x00000618   Code   RO          697    .text               y_motor.o
    0x08005304   0x08005304   0x00000484   Code   RO          716    .text               y_servo.o
    0x08005788   0x08005788   0x00000098   Code   RO          735    .text               y_timer.o
    0x08005820   0x08005820   0x000007d4   Code   RO          753    .text               y_usart.o
    0x08005ff4   0x08005ff4   0x00000340   Code   RO          772    .text               y_encoder.o
    0x08006334   0x08006334   0x00000170   Code   RO          784    .text               y_ps2.o
    0x080064a4   0x080064a4   0x00000058   Code   RO          802    .text               tracking.o
    0x080064fc   0x080064fc   0x000005f0   Code   RO          814    .text               y_flash.o
    0x08006aec   0x08006aec   0x000001e0   Code   RO          830    .text               y_soft_i2c.o
    0x08006ccc   0x08006ccc   0x00000474   Code   RO          845    .text               y_oled.o
    0x08007140   0x08007140   0x00000108   Code   RO          874    .text               y_adc.o
    0x08007248   0x08007248   0x00000058   Code   RO          892    .text               y_beep.o
    0x080072a0   0x080072a0   0x00000028   Code   RO          904    .text               key.o
    0x080072c8   0x080072c8   0x0000049c   Code   RO          916    .text               ultrasonic.o
    0x08007764   0x08007764   0x00000024   Code   RO          975    .text               mc_w.l(memcpya.o)
    0x08007788   0x08007788   0x00000024   Code   RO          977    .text               mc_w.l(memseta.o)
    0x080077ac   0x080077ac   0x0000000e   Code   RO          979    .text               mc_w.l(strlen.o)
    0x080077ba   0x080077ba   0x00000012   Code   RO          981    .text               mc_w.l(strcpy.o)
    0x080077cc   0x080077cc   0x00000038   Code   RO         1246    .text               mc_w.l(__0sscanf.o)
    0x08007804   0x08007804   0x0000014c   Code   RO         1248    .text               mc_w.l(_scanf_int.o)
    0x08007950   0x08007950   0x00000360   Code   RO         1250    .text               mc_w.l(scanf_fp.o)
    0x08007cb0   0x08007cb0   0x000000b0   Code   RO         1254    .text               mf_w.l(fadd.o)
    0x08007d60   0x08007d60   0x00000064   Code   RO         1256    .text               mf_w.l(fmul.o)
    0x08007dc4   0x08007dc4   0x0000007c   Code   RO         1258    .text               mf_w.l(fdiv.o)
    0x08007e40   0x08007e40   0x0000014e   Code   RO         1260    .text               mf_w.l(dadd.o)
    0x08007f8e   0x08007f8e   0x000000e4   Code   RO         1262    .text               mf_w.l(dmul.o)
    0x08008072   0x08008072   0x000000de   Code   RO         1264    .text               mf_w.l(ddiv.o)
    0x08008150   0x08008150   0x00000012   Code   RO         1266    .text               mf_w.l(fflti.o)
    0x08008162   0x08008162   0x0000000a   Code   RO         1268    .text               mf_w.l(ffltui.o)
    0x0800816c   0x0800816c   0x00000022   Code   RO         1270    .text               mf_w.l(dflti.o)
    0x0800818e   0x0800818e   0x0000001a   Code   RO         1272    .text               mf_w.l(dfltui.o)
    0x080081a8   0x080081a8   0x00000032   Code   RO         1274    .text               mf_w.l(ffixi.o)
    0x080081da   0x080081da   0x00000028   Code   RO         1276    .text               mf_w.l(ffixui.o)
    0x08008202   0x08008202   0x0000003e   Code   RO         1278    .text               mf_w.l(dfixi.o)
    0x08008240   0x08008240   0x00000026   Code   RO         1280    .text               mf_w.l(f2d.o)
    0x08008266   0x08008266   0x00000002   PAD
    0x08008268   0x08008268   0x00000030   Code   RO         1282    .text               mf_w.l(cdcmple.o)
    0x08008298   0x08008298   0x00000030   Code   RO         1284    .text               mf_w.l(cdrcmple.o)
    0x080082c8   0x080082c8   0x00000038   Code   RO         1286    .text               mf_w.l(d2f.o)
    0x08008300   0x08008300   0x00000014   Code   RO         1288    .text               mf_w.l(cfcmple.o)
    0x08008314   0x08008314   0x00000014   Code   RO         1290    .text               mf_w.l(cfrcmple.o)
    0x08008328   0x08008328   0x0000002c   Code   RO         1339    .text               mc_w.l(uidiv.o)
    0x08008354   0x08008354   0x00000062   Code   RO         1341    .text               mc_w.l(uldiv.o)
    0x080083b6   0x080083b6   0x0000001e   Code   RO         1343    .text               mc_w.l(llshl.o)
    0x080083d4   0x080083d4   0x00000020   Code   RO         1345    .text               mc_w.l(llushr.o)
    0x080083f4   0x080083f4   0x00000024   Code   RO         1347    .text               mc_w.l(llsshr.o)
    0x08008418   0x08008418   0x0000001c   Code   RO         1356    .text               mc_w.l(_chval.o)
    0x08008434   0x08008434   0x00000028   Code   RO         1358    .text               mc_w.l(scanf_char.o)
    0x0800845c   0x0800845c   0x00000040   Code   RO         1360    .text               mc_w.l(_sgetc.o)
    0x0800849c   0x0800849c   0x00000000   Code   RO         1362    .text               mc_w.l(iusefp.o)
    0x0800849c   0x0800849c   0x0000006e   Code   RO         1363    .text               mf_w.l(fepilogue.o)
    0x0800850a   0x0800850a   0x000000ba   Code   RO         1365    .text               mf_w.l(depilogue.o)
    0x080085c4   0x080085c4   0x0000002e   Code   RO         1367    .text               mf_w.l(dscalb.o)
    0x080085f2   0x080085f2   0x000000a2   Code   RO         1369    .text               mf_w.l(dsqrt.o)
    0x08008694   0x08008694   0x00000018   Code   RO         1371    .text               mf_w.l(dfltul.o)
    0x080086ac   0x080086ac   0x00000030   Code   RO         1373    .text               mf_w.l(dfixul.o)
    0x080086dc   0x080086dc   0x00000024   Code   RO         1375    .text               mc_w.l(init.o)
    0x08008700   0x08008700   0x0000000a   Code   RO         1377    .text               mc_w.l(isspace_c.o)
    0x0800870a   0x0800870a   0x00000002   PAD
    0x0800870c   0x0800870c   0x0000032c   Code   RO         1379    .text               mc_w.l(_scanf.o)
    0x08008a38   0x08008a38   0x00000028   Code   RO         1381    .text               mc_w.l(ctype_c.o)
    0x08008a60   0x08008a60   0x00000056   Code   RO         1392    .text               mc_w.l(__dczerorl2.o)
    0x08008ab6   0x08008ab6   0x00000002   PAD
    0x08008ab8   0x08008ab8   0x00000020   Code   RO         1218    i.__0printf         mc_w.l(printfa.o)
    0x08008ad8   0x08008ad8   0x00000028   Code   RO         1220    i.__0sprintf        mc_w.l(printfa.o)
    0x08008b00   0x08008b00   0x00000028   Code   RO         1309    i.__ARM_fpclassify  m_ws.l(fpclassify.o)
    0x08008b28   0x08008b28   0x00000388   Code   RO         1313    i.__ieee754_rem_pio2  m_ws.l(rred.o)
    0x08008eb0   0x08008eb0   0x000000fc   Code   RO         1292    i.__kernel_cos      m_ws.l(cos_i.o)
    0x08008fac   0x08008fac   0x000000aa   Code   RO         1311    i.__kernel_poly     m_ws.l(poly.o)
    0x08009056   0x08009056   0x00000002   PAD
    0x08009058   0x08009058   0x000000ec   Code   RO         1318    i.__kernel_sin      m_ws.l(sin_i.o)
    0x08009144   0x08009144   0x00000006   Code   RO         1296    i.__mathlib_dbl_infnan  m_ws.l(dunder.o)
    0x0800914a   0x0800914a   0x0000000c   Code   RO         1298    i.__mathlib_dbl_invalid  m_ws.l(dunder.o)
    0x08009156   0x08009156   0x00000002   PAD
    0x08009158   0x08009158   0x00000010   Code   RO         1301    i.__mathlib_dbl_underflow  m_ws.l(dunder.o)
    0x08009168   0x08009168   0x0000000e   Code   RO         1386    i.__scatterload_copy  mc_w.l(handlers.o)
    0x08009176   0x08009176   0x00000002   Code   RO         1387    i.__scatterload_null  mc_w.l(handlers.o)
    0x08009178   0x08009178   0x0000000e   Code   RO         1388    i.__scatterload_zeroinit  mc_w.l(handlers.o)
    0x08009186   0x08009186   0x00000002   PAD
    0x08009188   0x08009188   0x0000000c   Code   RO         1351    i.__set_errno       mc_w.l(errno.o)
    0x08009194   0x08009194   0x00000184   Code   RO         1225    i._fp_digits        mc_w.l(printfa.o)
    0x08009318   0x08009318   0x0000000e   Code   RO         1252    i._is_digit         mc_w.l(scanf_fp.o)
    0x08009326   0x08009326   0x00000002   PAD
    0x08009328   0x08009328   0x000006dc   Code   RO         1226    i._printf_core      mc_w.l(printfa.o)
    0x08009a04   0x08009a04   0x00000024   Code   RO         1227    i._printf_post_padding  mc_w.l(printfa.o)
    0x08009a28   0x08009a28   0x0000002e   Code   RO         1228    i._printf_pre_padding  mc_w.l(printfa.o)
    0x08009a56   0x08009a56   0x0000000a   Code   RO         1230    i._sputc            mc_w.l(printfa.o)
    0x08009a60   0x08009a60   0x0000027c   Code   RO          929    i.acos              m_ws.l(acos.o)
    0x08009cdc   0x08009cdc   0x00000220   Code   RO          939    i.atan              m_ws.l(atan.o)
    0x08009efc   0x08009efc   0x0000009c   Code   RO          949    i.cos               m_ws.l(cos.o)
    0x08009f98   0x08009f98   0x000000a0   Code   RO          957    i.sin               m_ws.l(sin.o)
    0x0800a038   0x0800a038   0x0000004c   Code   RO          965    i.sqrt              m_ws.l(sqrt.o)
    0x0800a084   0x0800a084   0x00000ff8   Data   RO          862    .constdata          resource.o
    0x0800b07c   0x0800b07c   0x00000004   PAD
    0x0800b080   0x0800b080   0x00000050   Data   RO          930    .constdata          m_ws.l(acos.o)
    0x0800b0d0   0x0800b0d0   0x00000098   Data   RO          940    .constdata          m_ws.l(atan.o)
    0x0800b168   0x0800b168   0x00000030   Data   RO         1293    .constdata          m_ws.l(cos_i.o)
    0x0800b198   0x0800b198   0x000000c8   Data   RO         1315    .constdata          m_ws.l(rred.o)
    0x0800b260   0x0800b260   0x00000028   Data   RO         1319    .constdata          m_ws.l(sin_i.o)
    0x0800b288   0x0800b288   0x00000040   Data   RO         1382    .constdata          mc_w.l(ctype_c.o)
    0x0800b2c8   0x0800b2c8   0x00000485   Data   RO          522    .conststring        app_ps2.o
    0x0800b74d   0x0800b74d   0x00000003   PAD
    0x0800b750   0x0800b750   0x00000020   Data   RO         1384    Region$$Table       anon$$obj.o


    Execution Region RW_IRAM1 (Exec base: 0x20000000, Load base: 0x0800b770, Size: 0x000021a0, Max: 0x0000c000, ABSOLUTE, COMPRESSED[0x00000088])

    Exec Addr    Load Addr    Size         Type   Attr      Idx    E Section Name        Object

    0x20000000   COMPRESSED   0x00000014   Data   RW           11    .data               system_stm32f10x.o
    0x20000014   COMPRESSED   0x00000014   Data   RW          318    .data               stm32f10x_rcc.o
    0x20000028   COMPRESSED   0x00000008   Data   RW          404    .data               main.o
    0x20000030   COMPRESSED   0x000000a4   Data   RW          523    .data               app_ps2.o
    0x200000d4   COMPRESSED   0x0000002c   Data   RW          550    .data               app_sensor.o
    0x20000100   COMPRESSED   0x00000030   Data   RW          639    .data               y_global.o
    0x20000130   COMPRESSED   0x00000034   Data   RW          699    .data               y_motor.o
    0x20000164   COMPRESSED   0x00000002   Data   RW          718    .data               y_servo.o
    0x20000166   COMPRESSED   0x00000002   PAD
    0x20000168   COMPRESSED   0x00000005   Data   RW          736    .data               y_timer.o
    0x2000016d   COMPRESSED   0x00000001   PAD
    0x2000016e   COMPRESSED   0x00000018   Data   RW          755    .data               y_usart.o
    0x20000186   COMPRESSED   0x00000005   Data   RW          816    .data               y_flash.o
    0x2000018b   COMPRESSED   0x00000001   Data   RW          846    .data               y_oled.o
    0x2000018c   COMPRESSED   0x00000002   Data   RW          875    .data               y_adc.o
    0x2000018e   COMPRESSED   0x00000002   PAD
    0x20000190   COMPRESSED   0x00000004   Data   RW         1338    .data               mc_w.l(stdout.o)
    0x20000194   COMPRESSED   0x00000004   Data   RW         1352    .data               mc_w.l(errno.o)
    0x20000198        -       0x000002ac   Zero   RW          638    .bss                y_global.o
    0x20000444        -       0x00000058   Zero   RW          665    .bss                y_kinematics.o
    0x2000049c   COMPRESSED   0x00000004   PAD
    0x200004a0        -       0x00000060   Zero   RW          698    .bss                y_motor.o
    0x20000500        -       0x00000080   Zero   RW          717    .bss                y_servo.o
    0x20000580        -       0x00000800   Zero   RW          754    .bss                y_usart.o
    0x20000d80        -       0x00000009   Zero   RW          785    .bss                y_ps2.o
    0x20000d89   COMPRESSED   0x00000001   PAD
    0x20000d8a        -       0x00001012   Zero   RW          815    .bss                y_flash.o
    0x20001d9c   COMPRESSED   0x00000004   PAD
    0x20001da0        -       0x00000400   Zero   RW            1    STACK               startup_stm32f10x_hd.o


==============================================================================

Image component sizes


      Code (inc. data)   RO Data    RW Data    ZI Data      Debug   Object Name

       416         22          0          0          0        979   app_motor.o
      1212         76       1157        164          0       2648   app_ps2.o
      1596        182          0         44          0       2930   app_sensor.o
       424         48          0          0          0        897   app_uart.o
        40          4          0          0          0        555   key.o
       996        202          0          8          0       2802   main.o
       220         22          0          0          0       1929   misc.o
         0          0       4088          0          0       1333   resource.o
        36          8        304          0       1024        912   startup_stm32f10x_hd.o
      1102         26          0          0          0      11169   stm32f10x_adc.o
       596          8          0          0          0       4494   stm32f10x_dma.o
       860         38          0          0          0       5857   stm32f10x_gpio.o
       932         36          0         20          0       9096   stm32f10x_rcc.o
       780         14          0          0          0       6746   stm32f10x_spi.o
      3610         88          0          0          0      22972   stm32f10x_tim.o
      1032         22          0          0          0       8588   stm32f10x_usart.o
       480         38          0         20          0     281307   system_stm32f10x.o
        88          4          0          0          0        617   tracking.o
      1180         46          0          0          0       4156   ultrasonic.o
       264         16          0          2          0       1480   y_adc.o
        88          4          0          0          0        830   y_beep.o
        86          0          0          0          0       1009   y_delay.o
       832         26          0          0          0       2511   y_encoder.o
      1520         36          0          5       4114       6683   y_flash.o
      3332        766          0         48        684      23018   y_global.o
      1612         72          0          0         88       3276   y_kinematics.o
        40          4          0          0          0        563   y_led.o
      1560        106          0         52         96       4409   y_motor.o
      1140         22          0          1          0       4736   y_oled.o
       368         16          0          0          9       1761   y_ps2.o
      1156         38          0          2        128       4911   y_servo.o
       480          4          0          0          0       2089   y_soft_i2c.o
       152         22          0          5          0      16513   y_timer.o
      2004        126          0         24       2048       5589   y_usart.o

    ----------------------------------------------------------------------
     30240       2142       5588        400       8200     449365   Object Totals
         0          0         32          0          0          0   (incl. Generated)
         6          0          7          5          9          0   (incl. Padding)

    ----------------------------------------------------------------------

      Code (inc. data)   RO Data    RW Data    ZI Data      Debug   Library Member Name

       636         62         80          0          0        188   acos.o
       544         70        152          0          0        124   atan.o
       156          8          0          0          0        104   cos.o
       252         22         48          0          0        124   cos_i.o
        34          6          0          0          0        204   dunder.o
        40          0          0          0          0         68   fpclassify.o
       170          0          0          0          0         96   poly.o
       904         76        200          0          0        140   rred.o
       160         10          0          0          0        108   sin.o
       236         12         40          0          0        128   sin_i.o
        76          0          0          0          0         84   sqrt.o
        56          8          0          0          0         84   __0sscanf.o
        86          0          0          0          0          0   __dczerorl2.o
        28          0          0          0          0         68   _chval.o
       812          4          0          0          0        112   _scanf.o
       332          0          0          0          0         96   _scanf_int.o
        64          0          0          0          0         84   _sgetc.o
        40          6         64          0          0         68   ctype_c.o
         0          0          0          0          0          0   entry.o
         0          0          0          0          0          0   entry10a.o
         0          0          0          0          0          0   entry11a.o
         8          4          0          0          0          0   entry2.o
         4          0          0          0          0          0   entry5.o
         0          0          0          0          0          0   entry7b.o
         0          0          0          0          0          0   entry8b.o
         8          4          0          0          0          0   entry9a.o
        12          6          0          4          0         68   errno.o
        30          0          0          0          0          0   handlers.o
        36          8          0          0          0         68   init.o
        10          0          0          0          0         68   isspace_c.o
         0          0          0          0          0          0   iusefp.o
        30          0          0          0          0         68   llshl.o
        36          0          0          0          0         68   llsshr.o
        32          0          0          0          0         68   llushr.o
        36          0          0          0          0         68   memcpya.o
        36          0          0          0          0        108   memseta.o
      2308         96          0          0          0        604   printfa.o
        40          8          0          0          0         84   scanf_char.o
       878         12          0          0          0        216   scanf_fp.o
         0          0          0          4          0          0   stdout.o
        18          0          0          0          0         68   strcpy.o
        14          0          0          0          0         68   strlen.o
        44          0          0          0          0         80   uidiv.o
        98          0          0          0          0         92   uldiv.o
        48          0          0          0          0         68   cdcmple.o
        48          0          0          0          0         68   cdrcmple.o
        20          0          0          0          0         68   cfcmple.o
        20          0          0          0          0         68   cfrcmple.o
        56          0          0          0          0         88   d2f.o
       334          0          0          0          0        148   dadd.o
       222          0          0          0          0        100   ddiv.o
       186          0          0          0          0        176   depilogue.o
        62          0          0          0          0         80   dfixi.o
        48          0          0          0          0         68   dfixul.o
        34          0          0          0          0         76   dflti.o
        26          0          0          0          0         76   dfltui.o
        24          0          0          0          0         76   dfltul.o
       228          0          0          0          0         96   dmul.o
        46          0          0          0          0         80   dscalb.o
       162          0          0          0          0        100   dsqrt.o
        38          0          0          0          0         68   f2d.o
       176          0          0          0          0        140   fadd.o
       124          0          0          0          0         88   fdiv.o
       110          0          0          0          0        168   fepilogue.o
        50          0          0          0          0         68   ffixi.o
        40          0          0          0          0         68   ffixui.o
        18          0          0          0          0         68   fflti.o
        10          0          0          0          0         68   ffltui.o
       100          0          0          0          0         76   fmul.o

    ----------------------------------------------------------------------
     10548        422        584          8          0       5924   Library Totals
        14          0          0          0          0          0   (incl. Padding)

    ----------------------------------------------------------------------

      Code (inc. data)   RO Data    RW Data    ZI Data      Debug   Library Name

      3208        266        520          0          0       1368   m_ws.l
      5096        156         64          8          0       2308   mc_w.l
      2230          0          0          0          0       2248   mf_w.l

    ----------------------------------------------------------------------
     10548        422        584          8          0       5924   Library Totals

    ----------------------------------------------------------------------

==============================================================================


      Code (inc. data)   RO Data    RW Data    ZI Data      Debug   

     40788       2564       6172        408       8200     449593   Grand Totals
     40788       2564       6172        136       8200     449593   ELF Image Totals (compressed)
     40788       2564       6172        136          0          0   ROM Totals

==============================================================================

    Total RO  Size (Code + RO Data)                46960 (  45.86kB)
    Total RW  Size (RW Data + ZI Data)              8608 (   8.41kB)
    Total ROM Size (Code + RO Data + RW Data)      47096 (  45.99kB)

==============================================================================

